Archive member included to satisfy reference by file (symbol)

c:/ac6/systemworkbench/plugins/fr.ac6.mcu.externaltools.arm-none.win32_1.17.0.201812190825/tools/compiler/bin/../lib/gcc/arm-none-eabi/7.3.1/thumb/v7-m\libgcc.a(_arm_addsubdf3.o)
                              Core/Src/main.o (__aeabi_f2d)
c:/ac6/systemworkbench/plugins/fr.ac6.mcu.externaltools.arm-none.win32_1.17.0.201812190825/tools/compiler/bin/../lib/gcc/arm-none-eabi/7.3.1/thumb/v7-m\libgcc.a(_arm_muldivdf3.o)
                              Core/Src/main.o (__aeabi_dmul)
c:/ac6/systemworkbench/plugins/fr.ac6.mcu.externaltools.arm-none.win32_1.17.0.201812190825/tools/compiler/bin/../lib/gcc/arm-none-eabi/7.3.1/thumb/v7-m\libgcc.a(_arm_fixdfsi.o)
                              Core/Src/main.o (__aeabi_d2iz)
c:/ac6/systemworkbench/plugins/fr.ac6.mcu.externaltools.arm-none.win32_1.17.0.201812190825/tools/compiler/bin/../lib/gcc/arm-none-eabi/7.3.1/thumb/v7-m\libgcc.a(_arm_addsubsf3.o)
                              Core/Src/main.o (__aeabi_i2f)
c:/ac6/systemworkbench/plugins/fr.ac6.mcu.externaltools.arm-none.win32_1.17.0.201812190825/tools/compiler/bin/../lib/gcc/arm-none-eabi/7.3.1/thumb/v7-m\libgcc.a(_arm_cmpsf2.o)
                              Core/Src/main.o (__aeabi_fcmpeq)
c:/ac6/systemworkbench/plugins/fr.ac6.mcu.externaltools.arm-none.win32_1.17.0.201812190825/tools/compiler/bin/../lib/gcc/arm-none-eabi/7.3.1/thumb/v7-m\libgcc.a(_arm_fixsfsi.o)
                              Core/Src/main.o (__aeabi_f2iz)
c:/ac6/systemworkbench/plugins/fr.ac6.mcu.externaltools.arm-none.win32_1.17.0.201812190825/tools/compiler/bin/../lib/gcc/arm-none-eabi/7.3.1/../../../../arm-none-eabi/lib/thumb/v7-m\libc_nano.a(lib_a-errno.o)
                              Core/Src/syscalls.o (__errno)
c:/ac6/systemworkbench/plugins/fr.ac6.mcu.externaltools.arm-none.win32_1.17.0.201812190825/tools/compiler/bin/../lib/gcc/arm-none-eabi/7.3.1/../../../../arm-none-eabi/lib/thumb/v7-m\libc_nano.a(lib_a-exit.o)
                              c:/ac6/systemworkbench/plugins/fr.ac6.mcu.externaltools.arm-none.win32_1.17.0.201812190825/tools/compiler/bin/../lib/gcc/arm-none-eabi/7.3.1/../../../../arm-none-eabi/lib/thumb/v7-m/crt0.o (exit)
c:/ac6/systemworkbench/plugins/fr.ac6.mcu.externaltools.arm-none.win32_1.17.0.201812190825/tools/compiler/bin/../lib/gcc/arm-none-eabi/7.3.1/../../../../arm-none-eabi/lib/thumb/v7-m\libc_nano.a(lib_a-impure.o)
                              c:/ac6/systemworkbench/plugins/fr.ac6.mcu.externaltools.arm-none.win32_1.17.0.201812190825/tools/compiler/bin/../lib/gcc/arm-none-eabi/7.3.1/../../../../arm-none-eabi/lib/thumb/v7-m\libc_nano.a(lib_a-exit.o) (_global_impure_ptr)
c:/ac6/systemworkbench/plugins/fr.ac6.mcu.externaltools.arm-none.win32_1.17.0.201812190825/tools/compiler/bin/../lib/gcc/arm-none-eabi/7.3.1/../../../../arm-none-eabi/lib/thumb/v7-m\libc_nano.a(lib_a-init.o)
                              c:/ac6/systemworkbench/plugins/fr.ac6.mcu.externaltools.arm-none.win32_1.17.0.201812190825/tools/compiler/bin/../lib/gcc/arm-none-eabi/7.3.1/../../../../arm-none-eabi/lib/thumb/v7-m/crt0.o (__libc_init_array)
c:/ac6/systemworkbench/plugins/fr.ac6.mcu.externaltools.arm-none.win32_1.17.0.201812190825/tools/compiler/bin/../lib/gcc/arm-none-eabi/7.3.1/../../../../arm-none-eabi/lib/thumb/v7-m\libc_nano.a(lib_a-memset.o)
                              c:/ac6/systemworkbench/plugins/fr.ac6.mcu.externaltools.arm-none.win32_1.17.0.201812190825/tools/compiler/bin/../lib/gcc/arm-none-eabi/7.3.1/../../../../arm-none-eabi/lib/thumb/v7-m/crt0.o (memset)
c:/ac6/systemworkbench/plugins/fr.ac6.mcu.externaltools.arm-none.win32_1.17.0.201812190825/tools/compiler/bin/../lib/gcc/arm-none-eabi/7.3.1/../../../../arm-none-eabi/lib/thumb/v7-m\libc_nano.a(lib_a-sprintf.o)
                              Core/Src/main.o (sprintf)
c:/ac6/systemworkbench/plugins/fr.ac6.mcu.externaltools.arm-none.win32_1.17.0.201812190825/tools/compiler/bin/../lib/gcc/arm-none-eabi/7.3.1/../../../../arm-none-eabi/lib/thumb/v7-m\libc_nano.a(lib_a-strlen.o)
                              Core/Src/main.o (strlen)
c:/ac6/systemworkbench/plugins/fr.ac6.mcu.externaltools.arm-none.win32_1.17.0.201812190825/tools/compiler/bin/../lib/gcc/arm-none-eabi/7.3.1/../../../../arm-none-eabi/lib/thumb/v7-m\libc_nano.a(lib_a-nano-svfprintf.o)
                              c:/ac6/systemworkbench/plugins/fr.ac6.mcu.externaltools.arm-none.win32_1.17.0.201812190825/tools/compiler/bin/../lib/gcc/arm-none-eabi/7.3.1/../../../../arm-none-eabi/lib/thumb/v7-m\libc_nano.a(lib_a-sprintf.o) (_svfprintf_r)
c:/ac6/systemworkbench/plugins/fr.ac6.mcu.externaltools.arm-none.win32_1.17.0.201812190825/tools/compiler/bin/../lib/gcc/arm-none-eabi/7.3.1/../../../../arm-none-eabi/lib/thumb/v7-m\libc_nano.a(lib_a-nano-vfprintf_i.o)
[...]
Memory Configuration

Name             Origin             Length             Attributes
RAM              0x20000000         0x00005000         xrw
FLASH            0x08000000         0x00020000         xr
*default*        0x00000000         0xffffffff

Linker script and memory map

LOAD c:/ac6/systemworkbench/plugins/fr.ac6.mcu.externaltools.arm-none.win32_1.17.0.201812190825/tools/compiler/bin/../lib/gcc/arm-none-eabi/7.3.1/thumb/v7-m/crti.o
LOAD c:/ac6/systemworkbench/plugins/fr.ac6.mcu.externaltools.arm-none.win32_1.17.0.201812190825/tools/compiler/bin/../lib/gcc/arm-none-eabi/7.3.1/thumb/v7-m/crtbegin.o
LOAD c:/ac6/systemworkbench/plugins/fr.ac6.mcu.externaltools.arm-none.win32_1.17.0.201812190825/tools/compiler/bin/../lib/gcc/arm-none-eabi/7.3.1/../../../../arm-none-eabi/lib/thumb/v7-m/crt0.o
LOAD Core/Src/main.o
LOAD Core/Src/stm32f1xx_hal_msp.o
LOAD Core/Src/stm32f1xx_it.o
LOAD Core/Src/syscalls.o
LOAD Core/Src/system_stm32f1xx.o
LOAD Drivers/STM32F1xx_HAL_Driver/Src/stm32f1xx_hal.o
LOAD Drivers/STM32F1xx_HAL_Driver/Src/stm32f1xx_hal_can.o
LOAD Drivers/STM32F1xx_HAL_Driver/Src/stm32f1xx_hal_cortex.o
LOAD Drivers/STM32F1xx_HAL_Driver/Src/stm32f1xx_hal_dma.o
LOAD Drivers/STM32F1xx_HAL_Driver/Src/stm32f1xx_hal_exti.o
LOAD Drivers/STM32F1xx_HAL_Driver/Src/stm32f1xx_hal_flash.o
LOAD Drivers/STM32F1xx_HAL_Driver/Src/stm32f1xx_hal_flash_ex.o
LOAD Drivers/STM32F1xx_HAL_Driver/Src/stm32f1xx_hal_gpio.o
LOAD Drivers/STM32F1xx_HAL_Driver/Src/stm32f1xx_hal_gpio_ex.o
LOAD Drivers/STM32F1xx_HAL_Driver/Src/stm32f1xx_hal_iwdg.o
LOAD Drivers/STM32F1xx_HAL_Driver/Src/stm32f1xx_hal_pwr.o
LOAD Drivers/STM32F1xx_HAL_Driver/Src/stm32f1xx_hal_rcc.o
LOAD Drivers/STM32F1xx_HAL_Driver/Src/stm32f1xx_hal_rcc_ex.o
LOAD Drivers/STM32F1xx_HAL_Driver/Src/stm32f1xx_hal_tim.o
LOAD Drivers/STM32F1xx_HAL_Driver/Src/stm32f1xx_hal_tim_ex.o
LOAD Drivers/STM32F1xx_HAL_Driver/Src/stm32f1xx_hal_uart.o
LOAD startup/startup_stm32f103xb.o
LOAD c:/ac6/systemworkbench/plugins/fr.ac6.mcu.externaltools.arm-none.win32_1.17.0.201812190825/tools/compiler/bin/../lib/gcc/arm-none-eabi/7.3.1/../../../../arm-none-eabi/lib/thumb/v7-m\libm.a
START GROUP
LOAD c:/ac6/systemworkbench/plugins/fr.ac6.mcu.externaltools.arm-none.win32_1.17.0.201812190825/tools/compiler/bin/../lib/gcc/arm-none-eabi/7.3.1/thumb/v7-m\libgcc.a
LOAD c:/ac6/systemworkbench/plugins/fr.ac6.mcu.externaltools.arm-none.win32_1.17.0.201812190825/tools/compiler/bin/../lib/gcc/arm-none-eabi/7.3.1/../../../../arm-none-eabi/lib/thumb/v7-m\libc_nano.a
END GROUP
START GROUP
LOAD c:/ac6/systemworkbench/plugins/fr.ac6.mcu.externaltools.arm-none.win32_1.17.0.201812190825/tools/compiler/bin/../lib/gcc/arm-none-eabi/7.3.1/thumb/v7-m\libgcc.a
LOAD c:/ac6/systemworkbench/plugins/fr.ac6.mcu.externaltools.arm-none.win32_1.17.0.201812190825/tools/compiler/bin/../lib/gcc/arm-none-eabi/7.3.1/../../../../arm-none-eabi/lib/thumb/v7-m\libc_nano.a
LOAD c:/ac6/systemworkbench/plugins/fr.ac6.mcu.externaltools.arm-none.win32_1.17.0.201812190825/tools/compiler/bin/../lib/gcc/arm-none-eabi/7.3.1/../../../../arm-none-eabi/lib/thumb/v7-m\libnosys.a
END GROUP
START GROUP
LOAD c:/ac6/systemworkbench/plugins/fr.ac6.mcu.externaltools.arm-none.win32_1.17.0.201812190825/tools/compiler/bin/../lib/gcc/arm-none-eabi/7.3.1/thumb/v7-m\libgcc.a
LOAD c:/ac6/systemworkbench/plugins/fr.ac6.mcu.externaltools.arm-none.win32_1.17.0.201812190825/tools/compiler/bin/../lib/gcc/arm-none-eabi/7.3.1/../../../../arm-none-eabi/lib/thumb/v7-m\libc_nano.a
LOAD c:/ac6/systemworkbench/plugins/fr.ac6.mcu.externaltools.arm-none.win32_1.17.0.201812190825/tools/compiler/bin/../lib/gcc/arm-none-eabi/7.3.1/../../../../arm-none-eabi/lib/thumb/v7-m\libnosys.a
END GROUP
LOAD c:/ac6/systemworkbench/plugins/fr.ac6.mcu.externaltools.arm-none.win32_1.17.0.201812190825/tools/compiler/bin/../lib/gcc/arm-none-eabi/7.3.1/thumb/v7-m/crtend.o
LOAD c:/ac6/systemworkbench/plugins/fr.ac6.mcu.externaltools.arm-none.win32_1.17.0.201812190825/tools/compiler/bin/../lib/gcc/arm-none-eabi/7.3.1/thumb/v7-m/crtn.o
                0x20005000                _estack = 0x20005000
                0x00000200                _Min_Heap_Size = 0x200
                0x00000400                _Min_Stack_Size = 0x400

.isr_vector     0x08000000      0x10c
                0x08000000                . = ALIGN (0x4)
 *(.isr_vector)
 .isr_vector    0x08000000      0x10c startup/startup_stm32f103xb.o
                0x08000000                g_pfnVectors
                0x0800010c                . = ALIGN (0x4)

.text           0x08000110     0x42f8
                0x08000110                . = ALIGN (0x4)
 *(.text)
 .text          0x08000110       0x40 c:/ac6/systemworkbench/plugins/fr.ac6.mcu.externaltools.arm-none.win32_1.17.0.201812190825/tools/compiler/bin/../lib/gcc/arm-none-eabi/7.3.1/thumb/v7-m/crtbegin.o
 .text          0x08000150      0x378 c:/ac6/systemworkbench/plugins/fr.ac6.mcu.externaltools.arm-none.win32_1.17.0.201812190825/tools/compiler/bin/../lib/gcc/arm-none-eabi/7.3.1/thumb/v7-m\libgcc.a(_arm_addsubdf3.o)
                0x08000150                __aeabi_drsub
                0x08000158                __aeabi_dsub
                0x08000158                __subdf3
                0x0800015c                __aeabi_dadd
                0x0800015c                __adddf3
                0x080003d4                __floatunsidf
                0x080003d4                __aeabi_ui2d
                0x080003f4                __floatsidf
                0x080003f4                __aeabi_i2d
                0x08000418                __aeabi_f2d
                0x08000418                __extendsfdf2
                0x0800045c                __floatundidf
                0x0800045c                __aeabi_ul2d
                0x0800046c                __floatdidf
                0x0800046c                __aeabi_l2d
 .text          0x080004c8      0x424 c:/ac6/systemworkbench/plugins/fr.ac6.mcu.externaltools.arm-none.win32_1.17.0.201812190825/tools/compiler/bin/../lib/gcc/arm-none-eabi/7.3.1/thumb/v7-m\libgcc.a(_arm_muldivdf3.o)
                0x080004c8                __aeabi_dmul
                0x080004c8                __muldf3
                0x0800071c                __divdf3
                0x0800071c                __aeabi_ddiv
 .text          0x080008ec       0x50 c:/ac6/systemworkbench/plugins/fr.ac6.mcu.externaltools.arm-none.win32_1.17.0.201812190825/tools/compiler/bin/../lib/gcc/arm-none-eabi/7.3.1/thumb/v7-m\libgcc.a(_arm_fixdfsi.o)
                0x080008ec                __aeabi_d2iz
                0x080008ec                __fixdfsi
 .text          0x0800093c      0x21c c:/ac6/systemworkbench/plugins/fr.ac6.mcu.externaltools.arm-none.win32_1.17.0.201812190825/tools/compiler/bin/../lib/gcc/arm-none-eabi/7.3.1/thumb/v7-m\libgcc.a(_arm_addsubsf3.o)
                0x0800093c                __aeabi_frsub
                0x08000944                __subsf3
                0x08000944                __aeabi_fsub
                0x08000948                __aeabi_fadd
                0x08000948                __addsf3
                0x08000aa8                __aeabi_ui2f
                0x08000aa8                __floatunsisf
                0x08000ab0                __aeabi_i2f
                0x08000ab0                __floatsisf
                0x08000acc                __aeabi_ul2f
                0x08000acc                __floatundisf
                0x08000adc                __aeabi_l2f
                0x08000adc                __floatdisf
 .text          0x08000b58       0xec c:/ac6/systemworkbench/plugins/fr.ac6.mcu.externaltools.arm-none.win32_1.17.0.201812190825/tools/compiler/bin/../lib/gcc/arm-none-eabi/7.3.1/thumb/v7-m\libgcc.a(_arm_cmpsf2.o)
                0x08000b58                __gesf2
                0x08000b58                __gtsf2
                0x08000b60                __lesf2
                0x08000b60                __ltsf2
                0x08000b68                __nesf2
                0x08000b68                __eqsf2
                0x08000b68                __cmpsf2
                0x08000bc8                __aeabi_cfrcmple
                0x08000bd0                __aeabi_cfcmpeq
                0x08000bd0                __aeabi_cfcmple
                0x08000be0                __aeabi_fcmpeq
                0x08000bf4                __aeabi_fcmplt
                0x08000c08                __aeabi_fcmple
                0x08000c1c                __aeabi_fcmpge
                0x08000c30                __aeabi_fcmpgt
 .text          0x08000c44       0x4c c:/ac6/systemworkbench/plugins/fr.ac6.mcu.externaltools.arm-none.win32_1.17.0.201812190825/tools/compiler/bin/../lib/gcc/arm-none-eabi/7.3.1/thumb/v7-m\libgcc.a(_arm_fixsfsi.o)
                0x08000c44                __aeabi_f2iz
                0x08000c44                __fixsfsi
 .text          0x08000c90       0x10 c:/ac6/systemworkbench/plugins/fr.ac6.mcu.externaltools.arm-none.win32_1.17.0.201812190825/tools/compiler/bin/../lib/gcc/arm-none-eabi/7.3.1/../../../../arm-none-eabi/lib/thumb/v7-m\libc_nano.a(lib_a-strlen.o)
                0x08000c90                strlen
 *(.text*)
 .text.MX_GPIO_Init
                0x08000ca0       0xf0 Core/Src/main.o
 .text.HAL_CAN_TxMailbox0CompleteCallback
                0x08000d90       0x34 Core/Src/main.o
                0x08000d90                HAL_CAN_TxMailbox0CompleteCallback
 .text.HAL_CAN_TxMailbox1CompleteCallback
                0x08000dc4       0x34 Core/Src/main.o
                0x08000dc4                HAL_CAN_TxMailbox1CompleteCallback
 .text.HAL_CAN_TxMailbox2CompleteCallback
                0x08000df8       0x34 Core/Src/main.o
                0x08000df8                HAL_CAN_TxMailbox2CompleteCallback
 .text.HAL_CAN_ErrorCallback
                0x08000e2c       0x38 Core/Src/main.o
                0x08000e2c                HAL_CAN_ErrorCallback
 .text.Error_Handler
                0x08000e64        0x4 Core/Src/main.o
                0x08000e64                Error_Handler
 .text.MX_CAN_Init
                0x08000e68       0x40 Core/Src/main.o
 .text.MX_TIM2_Init
                0x08000ea8       0x64 Core/Src/main.o
 .text.MX_TIM3_Init
                0x08000f0c       0x7c Core/Src/main.o
 .text.MX_USART2_UART_Init
                0x08000f88       0x34 Core/Src/main.o
 .text.SystemClock_Config
                0x08000fbc       0x64 Core/Src/main.o
                0x08000fbc                SystemClock_Config
 .text.CAN_Filter_Config
                0x08001020       0x34 Core/Src/main.o
                0x08001020                CAN_Filter_Config
 *fill*         0x08001054        0x4 
 .text.main     0x08001058      0x470 Core/Src/main.o
                0x08001058                main
 .text.HAL_CAN_RxFifo0MsgPendingCallback
                0x080014c8      0x478 Core/Src/main.o
                0x080014c8                HAL_CAN_RxFifo0MsgPendingCallback
 .text.CAN1_Tx  0x08001940       0x94 Core/Src/main.o
                0x08001940                CAN1_Tx
 .text.HAL_TIM_PeriodElapsedCallback
                0x080019d4        0x8 Core/Src/main.o
                0x080019d4                HAL_TIM_PeriodElapsedCallback
 .text.HAL_MspInit
                0x080019dc       0x3c Core/Src/stm32f1xx_hal_msp.o
                0x080019dc                HAL_MspInit
 .text.HAL_CAN_MspInit
                0x08001a18       0xb8 Core/Src/stm32f1xx_hal_msp.o
                0x08001a18                HAL_CAN_MspInit
 .text.HAL_TIM_Encoder_MspInit
                0x08001ad0       0x58 Core/Src/stm32f1xx_hal_msp.o
                0x08001ad0                HAL_TIM_Encoder_MspInit
 .text.HAL_TIM_PWM_MspInit
                0x08001b28       0x2c Core/Src/stm32f1xx_hal_msp.o
                0x08001b28                HAL_TIM_PWM_MspInit
 .text.HAL_TIM_MspPostInit
                0x08001b54       0x50 Core/Src/stm32f1xx_hal_msp.o
                0x08001b54                HAL_TIM_MspPostInit
 .text.HAL_UART_MspInit
                0x08001ba4       0x70 Core/Src/stm32f1xx_hal_msp.o
                0x08001ba4                HAL_UART_MspInit
 .text.NMI_Handler
                0x08001c14        0x2 Core/Src/stm32f1xx_it.o
                0x08001c14                NMI_Handler
 .text.HardFault_Handler
                0x08001c16        0x2 Core/Src/stm32f1xx_it.o
                0x08001c16                HardFault_Handler
 .text.MemManage_Handler
                0x08001c18        0x2 Core/Src/stm32f1xx_it.o
                0x08001c18                MemManage_Handler
 .text.BusFault_Handler
                0x08001c1a        0x2 Core/Src/stm32f1xx_it.o
                0x08001c1a                BusFault_Handler
 .text.UsageFault_Handler
                0x08001c1c        0x2 Core/Src/stm32f1xx_it.o
                0x08001c1c                UsageFault_Handler
 .text.SVC_Handler
                0x08001c1e        0x2 Core/Src/stm32f1xx_it.o
                0x08001c1e                SVC_Handler
 .text.DebugMon_Handler
                0x08001c20        0x2 Core/Src/stm32f1xx_it.o
                0x08001c20                DebugMon_Handler
 .text.PendSV_Handler
                0x08001c22        0x2 Core/Src/stm32f1xx_it.o
                0x08001c22                PendSV_Handler
 .text.SysTick_Handler
                0x08001c24        0x8 Core/Src/stm32f1xx_it.o
                0x08001c24                SysTick_Handler
 .text.USB_HP_CAN1_TX_IRQHandler
                0x08001c2c       0x10 Core/Src/stm32f1xx_it.o
                0x08001c2c                USB_HP_CAN1_TX_IRQHandler
 .text.USB_LP_CAN1_RX0_IRQHandler
                0x08001c3c       0x10 Core/Src/stm32f1xx_it.o
                0x08001c3c                USB_LP_CAN1_RX0_IRQHandler
 .text.CAN1_RX1_IRQHandler
                0x08001c4c       0x10 Core/Src/stm32f1xx_it.o
                0x08001c4c                CAN1_RX1_IRQHandler
 .text.CAN1_SCE_IRQHandler
                0x08001c5c       0x10 Core/Src/stm32f1xx_it.o
                0x08001c5c                CAN1_SCE_IRQHandler
 .text.USART2_IRQHandler
                0x08001c6c       0x10 Core/Src/stm32f1xx_it.o
                0x08001c6c                USART2_IRQHandler
 .text.TIM2_IRQHandler
                0x08001c7c       0x10 Core/Src/stm32f1xx_it.o
                0x08001c7c                TIM2_IRQHandler
 .text.EXTI15_10_IRQHandler
                0x08001c8c        0xc Core/Src/stm32f1xx_it.o
                0x08001c8c                EXTI15_10_IRQHandler
 .text._sbrk    0x08001c98       0x3c Core/Src/syscalls.o
                0x08001c98                _sbrk
 .text.SystemInit
                0x08001cd4        0x2 Core/Src/system_stm32f1xx.o
                0x08001cd4                SystemInit
 *fill*         0x08001cd6        0x2 
 .text.HAL_InitTick
                0x08001cd8       0x48 Drivers/STM32F1xx_HAL_Driver/Src/stm32f1xx_hal.o
                0x08001cd8                HAL_InitTick
 .text.HAL_Init
                0x08001d20       0x24 Drivers/STM32F1xx_HAL_Driver/Src/stm32f1xx_hal.o
                0x08001d20                HAL_Init
 .text.HAL_IncTick
                0x08001d44       0x18 Drivers/STM32F1xx_HAL_Driver/Src/stm32f1xx_hal.o
                0x08001d44                HAL_IncTick
 .text.HAL_GetTick
                0x08001d5c        0xc Drivers/STM32F1xx_HAL_Driver/Src/stm32f1xx_hal.o
                0x08001d5c                HAL_GetTick
 .text.HAL_CAN_Init
                0x08001d68      0x14c Drivers/STM32F1xx_HAL_Driver/Src/stm32f1xx_hal_can.o
                0x08001d68                HAL_CAN_Init
 .text.HAL_CAN_ConfigFilter
                0x08001eb4       0xfc Drivers/STM32F1xx_HAL_Driver/Src/stm32f1xx_hal_can.o
                0x08001eb4                HAL_CAN_ConfigFilter
 .text.HAL_CAN_Start
                0x08001fb0       0x5c Drivers/STM32F1xx_HAL_Driver/Src/stm32f1xx_hal_can.o
                0x08001fb0                HAL_CAN_Start
 .text.HAL_CAN_AddTxMessage
                0x0800200c       0xea Drivers/STM32F1xx_HAL_Driver/Src/stm32f1xx_hal_can.o
                0x0800200c                HAL_CAN_AddTxMessage
 .text.HAL_CAN_GetRxMessage
                0x080020f6      0x134 Drivers/STM32F1xx_HAL_Driver/Src/stm32f1xx_hal_can.o
                0x080020f6                HAL_CAN_GetRxMessage
 .text.HAL_CAN_ActivateNotification
                0x0800222a       0x24 Drivers/STM32F1xx_HAL_Driver/Src/stm32f1xx_hal_can.o
                0x0800222a                HAL_CAN_ActivateNotification
 .text.HAL_CAN_TxMailbox0AbortCallback
                0x0800224e        0x2 Drivers/STM32F1xx_HAL_Driver/Src/stm32f1xx_hal_can.o
                0x0800224e                HAL_CAN_TxMailbox0AbortCallback
 .text.HAL_CAN_TxMailbox1AbortCallback
                0x08002250        0x2 Drivers/STM32F1xx_HAL_Driver/Src/stm32f1xx_hal_can.o
                0x08002250                HAL_CAN_TxMailbox1AbortCallback
 .text.HAL_CAN_TxMailbox2AbortCallback
                0x08002252        0x2 Drivers/STM32F1xx_HAL_Driver/Src/stm32f1xx_hal_can.o
                0x08002252                HAL_CAN_TxMailbox2AbortCallback
 .text.HAL_CAN_RxFifo0FullCallback
                0x08002254        0x2 Drivers/STM32F1xx_HAL_Driver/Src/stm32f1xx_hal_can.o
                0x08002254                HAL_CAN_RxFifo0FullCallback
 .text.HAL_CAN_RxFifo1MsgPendingCallback
                0x08002256        0x2 Drivers/STM32F1xx_HAL_Driver/Src/stm32f1xx_hal_can.o
                0x08002256                HAL_CAN_RxFifo1MsgPendingCallback
 .text.HAL_CAN_RxFifo1FullCallback
                0x08002258        0x2 Drivers/STM32F1xx_HAL_Driver/Src/stm32f1xx_hal_can.o
                0x08002258                HAL_CAN_RxFifo1FullCallback
 .text.HAL_CAN_SleepCallback
                0x0800225a        0x2 Drivers/STM32F1xx_HAL_Driver/Src/stm32f1xx_hal_can.o
                0x0800225a                HAL_CAN_SleepCallback
 .text.HAL_CAN_WakeUpFromRxMsgCallback
                0x0800225c        0x2 Drivers/STM32F1xx_HAL_Driver/Src/stm32f1xx_hal_can.o
                0x0800225c                HAL_CAN_WakeUpFromRxMsgCallback
 .text.HAL_CAN_IRQHandler
                0x0800225e      0x258 Drivers/STM32F1xx_HAL_Driver/Src/stm32f1xx_hal_can.o
                0x0800225e                HAL_CAN_IRQHandler
 *fill*         0x080024b6        0x2 
 .text.HAL_NVIC_SetPriorityGrouping
                0x080024b8       0x24 Drivers/STM32F1xx_HAL_Driver/Src/stm32f1xx_hal_cortex.o
                0x080024b8                HAL_NVIC_SetPriorityGrouping
 .text.HAL_NVIC_SetPriority
                0x080024dc       0x68 Drivers/STM32F1xx_HAL_Driver/Src/stm32f1xx_hal_cortex.o
                0x080024dc                HAL_NVIC_SetPriority
 .text.HAL_NVIC_EnableIRQ
                0x08002544       0x1c Drivers/STM32F1xx_HAL_Driver/Src/stm32f1xx_hal_cortex.o
                0x08002544                HAL_NVIC_EnableIRQ
 .text.HAL_SYSTICK_Config
                0x08002560       0x2c Drivers/STM32F1xx_HAL_Driver/Src/stm32f1xx_hal_cortex.o
                0x08002560                HAL_SYSTICK_Config
 .text.HAL_DMA_Abort_IT
                0x0800258c       0x98 Drivers/STM32F1xx_HAL_Driver/Src/stm32f1xx_hal_dma.o
                0x0800258c                HAL_DMA_Abort_IT
 .text.HAL_GPIO_Init
                0x08002624      0x1d8 Drivers/STM32F1xx_HAL_Driver/Src/stm32f1xx_hal_gpio.o
                0x08002624                HAL_GPIO_Init
 .text.HAL_GPIO_WritePin
                0x080027fc        0xc Drivers/STM32F1xx_HAL_Driver/Src/stm32f1xx_hal_gpio.o
                0x080027fc                HAL_GPIO_WritePin
 .text.HAL_GPIO_EXTI_Callback
                0x08002808        0x2 Drivers/STM32F1xx_HAL_Driver/Src/stm32f1xx_hal_gpio.o
                0x08002808                HAL_GPIO_EXTI_Callback
 *fill*         0x0800280a        0x2 
 .text.HAL_GPIO_EXTI_IRQHandler
                0x0800280c       0x1c Drivers/STM32F1xx_HAL_Driver/Src/stm32f1xx_hal_gpio.o
                0x0800280c                HAL_GPIO_EXTI_IRQHandler
 .text.RCC_Delay
                0x08002828       0x2c Drivers/STM32F1xx_HAL_Driver/Src/stm32f1xx_hal_rcc.o
 .text.HAL_RCC_OscConfig
                0x08002854      0x410 Drivers/STM32F1xx_HAL_Driver/Src/stm32f1xx_hal_rcc.o
                0x08002854                HAL_RCC_OscConfig
 .text.HAL_RCC_GetSysClockFreq
                0x08002c64       0x70 Drivers/STM32F1xx_HAL_Driver/Src/stm32f1xx_hal_rcc.o
                0x08002c64                HAL_RCC_GetSysClockFreq
 .text.HAL_RCC_ClockConfig
                0x08002cd4      0x168 Drivers/STM32F1xx_HAL_Driver/Src/stm32f1xx_hal_rcc.o
                0x08002cd4                HAL_RCC_ClockConfig
 .text.HAL_RCC_GetHCLKFreq
                0x08002e3c        0xc Drivers/STM32F1xx_HAL_Driver/Src/stm32f1xx_hal_rcc.o
                0x08002e3c                HAL_RCC_GetHCLKFreq
 .text.HAL_RCC_GetPCLK1Freq
                0x08002e48       0x20 Drivers/STM32F1xx_HAL_Driver/Src/stm32f1xx_hal_rcc.o
                0x08002e48                HAL_RCC_GetPCLK1Freq
 .text.HAL_RCC_GetPCLK2Freq
                0x08002e68       0x20 Drivers/STM32F1xx_HAL_Driver/Src/stm32f1xx_hal_rcc.o
                0x08002e68                HAL_RCC_GetPCLK2Freq
 .text.TIM_OC1_SetConfig
                0x08002e88       0x5c Drivers/STM32F1xx_HAL_Driver/Src/stm32f1xx_hal_tim.o
 .text.TIM_OC3_SetConfig
                0x08002ee4       0x64 Drivers/STM32F1xx_HAL_Driver/Src/stm32f1xx_hal_tim.o
 .text.TIM_OC4_SetConfig
                0x08002f48       0x48 Drivers/STM32F1xx_HAL_Driver/Src/stm32f1xx_hal_tim.o
 .text.HAL_TIM_OC_DelayElapsedCallback
                0x08002f90        0x2 Drivers/STM32F1xx_HAL_Driver/Src/stm32f1xx_hal_tim.o
                0x08002f90                HAL_TIM_OC_DelayElapsedCallback
 .text.HAL_TIM_IC_CaptureCallback
                0x08002f92        0x2 Drivers/STM32F1xx_HAL_Driver/Src/stm32f1xx_hal_tim.o
                0x08002f92                HAL_TIM_IC_CaptureCallback
 .text.HAL_TIM_PWM_PulseFinishedCallback
                0x08002f94        0x2 Drivers/STM32F1xx_HAL_Driver/Src/stm32f1xx_hal_tim.o
                0x08002f94                HAL_TIM_PWM_PulseFinishedCallback
 .text.HAL_TIM_TriggerCallback
                0x08002f96        0x2 Drivers/STM32F1xx_HAL_Driver/Src/stm32f1xx_hal_tim.o
                0x08002f96                HAL_TIM_TriggerCallback
 .text.HAL_TIM_IRQHandler
                0x08002f98      0x17a Drivers/STM32F1xx_HAL_Driver/Src/stm32f1xx_hal_tim.o
                0x08002f98                HAL_TIM_IRQHandler
 *fill*         0x08003112        0x2 
 .text.TIM_Base_SetConfig
                0x08003114       0x74 Drivers/STM32F1xx_HAL_Driver/Src/stm32f1xx_hal_tim.o
                0x08003114                TIM_Base_SetConfig
 .text.HAL_TIM_PWM_Init
                0x08003188       0x56 Drivers/STM32F1xx_HAL_Driver/Src/stm32f1xx_hal_tim.o
                0x08003188                HAL_TIM_PWM_Init
 .text.HAL_TIM_Encoder_Init
                0x080031de       0xb0 Drivers/STM32F1xx_HAL_Driver/Src/stm32f1xx_hal_tim.o
                0x080031de                HAL_TIM_Encoder_Init
 *fill*         0x0800328e        0x2 
 .text.TIM_OC2_SetConfig
                0x08003290       0x64 Drivers/STM32F1xx_HAL_Driver/Src/stm32f1xx_hal_tim.o
                0x08003290                TIM_OC2_SetConfig
 .text.HAL_TIM_PWM_ConfigChannel
                0x080032f4       0xd0 Drivers/STM32F1xx_HAL_Driver/Src/stm32f1xx_hal_tim.o
                0x080032f4                HAL_TIM_PWM_ConfigChannel
 .text.TIM_CCxChannelCmd
                0x080033c4       0x20 Drivers/STM32F1xx_HAL_Driver/Src/stm32f1xx_hal_tim.o
                0x080033c4                TIM_CCxChannelCmd
 .text.HAL_TIM_PWM_Start
                0x080033e4       0xe4 Drivers/STM32F1xx_HAL_Driver/Src/stm32f1xx_hal_tim.o
                0x080033e4                HAL_TIM_PWM_Start
 .text.HAL_TIM_PWM_Stop
                0x080034c8       0x84 Drivers/STM32F1xx_HAL_Driver/Src/stm32f1xx_hal_tim.o
                0x080034c8                HAL_TIM_PWM_Stop
 .text.HAL_TIM_Encoder_Start
                0x0800354c       0xce Drivers/STM32F1xx_HAL_Driver/Src/stm32f1xx_hal_tim.o
                0x0800354c                HAL_TIM_Encoder_Start
 *fill*         0x0800361a        0x2 
 .text.HAL_TIMEx_MasterConfigSynchronization
                0x0800361c       0x68 Drivers/STM32F1xx_HAL_Driver/Src/stm32f1xx_hal_tim_ex.o
                0x0800361c                HAL_TIMEx_MasterConfigSynchronization
 .text.HAL_TIMEx_CommutCallback
                0x08003684        0x2 Drivers/STM32F1xx_HAL_Driver/Src/stm32f1xx_hal_tim_ex.o
                0x08003684                HAL_TIMEx_CommutCallback
 .text.HAL_TIMEx_BreakCallback
                0x08003686        0x2 Drivers/STM32F1xx_HAL_Driver/Src/stm32f1xx_hal_tim_ex.o
                0x08003686                HAL_TIMEx_BreakCallback
 .text.UART_EndRxTransfer
                0x08003688       0x1c Drivers/STM32F1xx_HAL_Driver/Src/stm32f1xx_hal_uart.o
 .text.UART_Transmit_IT
                0x080036a4       0x62 Drivers/STM32F1xx_HAL_Driver/Src/stm32f1xx_hal_uart.o
 *fill*         0x08003706        0x2 
 .text.UART_SetConfig
                0x08003708       0x90 Drivers/STM32F1xx_HAL_Driver/Src/stm32f1xx_hal_uart.o
 .text.UART_WaitOnFlagUntilTimeout
                0x08003798       0x62 Drivers/STM32F1xx_HAL_Driver/Src/stm32f1xx_hal_uart.o
 .text.HAL_UART_Init
                0x080037fa       0x5e Drivers/STM32F1xx_HAL_Driver/Src/stm32f1xx_hal_uart.o
                0x080037fa                HAL_UART_Init
 .text.HAL_UART_Transmit
                0x08003858       0xda Drivers/STM32F1xx_HAL_Driver/Src/stm32f1xx_hal_uart.o
                0x08003858                HAL_UART_Transmit
 .text.HAL_UART_TxCpltCallback
                0x08003932        0x2 Drivers/STM32F1xx_HAL_Driver/Src/stm32f1xx_hal_uart.o
                0x08003932                HAL_UART_TxCpltCallback
 .text.UART_EndTransmit_IT
                0x08003934       0x1a Drivers/STM32F1xx_HAL_Driver/Src/stm32f1xx_hal_uart.o
 .text.HAL_UART_RxCpltCallback
                0x0800394e        0x2 Drivers/STM32F1xx_HAL_Driver/Src/stm32f1xx_hal_uart.o
                0x0800394e                HAL_UART_RxCpltCallback
 .text.UART_Receive_IT
                0x08003950       0x92 Drivers/STM32F1xx_HAL_Driver/Src/stm32f1xx_hal_uart.o
 .text.HAL_UART_ErrorCallback
                0x080039e2        0x2 Drivers/STM32F1xx_HAL_Driver/Src/stm32f1xx_hal_uart.o
                0x080039e2                HAL_UART_ErrorCallback
 .text.HAL_UART_IRQHandler
                0x080039e4      0x128 Drivers/STM32F1xx_HAL_Driver/Src/stm32f1xx_hal_uart.o
                0x080039e4                HAL_UART_IRQHandler
 .text.UART_DMAAbortOnError
                0x08003b0c       0x10 Drivers/STM32F1xx_HAL_Driver/Src/stm32f1xx_hal_uart.o
 .text.Reset_Handler
                0x08003b1c       0x48 startup/startup_stm32f103xb.o
                0x08003b1c                Reset_Handler
 .text.Default_Handler
                0x08003b64        0x2 startup/startup_stm32f103xb.o
                0x08003b64                RTC_Alarm_IRQHandler
                0x08003b64                EXTI2_IRQHandler
                0x08003b64                TIM1_CC_IRQHandler
                0x08003b64                PVD_IRQHandler
                0x08003b64                EXTI3_IRQHandler
                0x08003b64                EXTI0_IRQHandler
                0x08003b64                I2C2_EV_IRQHandler
                0x08003b64                ADC1_2_IRQHandler
                0x08003b64                SPI1_IRQHandler
                0x08003b64                TAMPER_IRQHandler
                0x08003b64                DMA1_Channel4_IRQHandler
                0x08003b64                USART3_IRQHandler
                0x08003b64                RTC_IRQHandler
                0x08003b64                DMA1_Channel7_IRQHandler
                0x08003b64                TIM4_IRQHandler
                0x08003b64                I2C1_EV_IRQHandler
                0x08003b64                DMA1_Channel6_IRQHandler
                0x08003b64                TIM3_IRQHandler
                0x08003b64                RCC_IRQHandler
                0x08003b64                TIM1_TRG_COM_IRQHandler
                0x08003b64                DMA1_Channel1_IRQHandler
                0x08003b64                Default_Handler
                0x08003b64                EXTI9_5_IRQHandler
                0x08003b64                SPI2_IRQHandler
                0x08003b64                DMA1_Channel5_IRQHandler
                0x08003b64                EXTI4_IRQHandler
                0x08003b64                DMA1_Channel3_IRQHandler
                0x08003b64                TIM1_UP_IRQHandler
                0x08003b64                WWDG_IRQHandler
                0x08003b64                TIM1_BRK_IRQHandler
                0x08003b64                EXTI1_IRQHandler
                0x08003b64                I2C2_ER_IRQHandler
                0x08003b64                DMA1_Channel2_IRQHandler
                0x08003b64                FLASH_IRQHandler
                0x08003b64                USART1_IRQHandler
                0x08003b64                I2C1_ER_IRQHandler
                0x08003b64                USBWakeUp_IRQHandler
 *fill*         0x08003b66        0x2 
 .text.__errno  0x08003b68        0xc c:/ac6/systemworkbench/plugins/fr.ac6.mcu.externaltools.arm-none.win32_1.17.0.201812190825/tools/compiler/bin/../lib/gcc/arm-none-eabi/7.3.1/../../../../arm-none-eabi/lib/thumb/v7-m\libc_nano.a(lib_a-errno.o)
                0x08003b68                __errno
 .text.__libc_init_array
                0x08003b74       0x48 c:/ac6/systemworkbench/plugins/fr.ac6.mcu.externaltools.arm-none.win32_1.17.0.201812190825/tools/compiler/bin/../lib/gcc/arm-none-eabi/7.3.1/../../../../arm-none-eabi/lib/thumb/v7-m\libc_nano.a(lib_a-init.o)
                0x08003b74                __libc_init_array
 .text.memset   0x08003bbc       0x10 c:/ac6/systemworkbench/plugins/fr.ac6.mcu.externaltools.arm-none.win32_1.17.0.201812190825/tools/compiler/bin/../lib/gcc/arm-none-eabi/7.3.1/../../../../arm-none-eabi/lib/thumb/v7-m\libc_nano.a(lib_a-memset.o)
                0x08003bbc                memset
 .text.sprintf  0x08003bcc       0x40 c:/ac6/systemworkbench/plugins/fr.ac6.mcu.externaltools.arm-none.win32_1.17.0.201812190825/tools/compiler/bin/../lib/gcc/arm-none-eabi/7.3.1/../../../../arm-none-eabi/lib/thumb/v7-m\libc_nano.a(lib_a-sprintf.o)
                0x08003bcc                siprintf
                0x08003bcc                sprintf
 .text.__ssputs_r
                0x08003c0c       0xb4 c:/ac6/systemworkbench/plugins/fr.ac6.mcu.externaltools.arm-none.win32_1.17.0.201812190825/tools/compiler/bin/../lib/gcc/arm-none-eabi/7.3.1/../../../../arm-none-eabi/lib/thumb/v7-m\libc_nano.a(lib_a-nano-svfprintf.o)
                0x08003c0c                __ssputs_r
 .text._svfprintf_r
                0x08003cc0      0x1f0 c:/ac6/systemworkbench/plugins/fr.ac6.mcu.externaltools.arm-none.win32_1.17.0.201812190825/tools/compiler/bin/../lib/gcc/arm-none-eabi/7.3.1/../../../../arm-none-eabi/lib/thumb/v7-m\libc_nano.a(lib_a-nano-svfprintf.o)
                0x08003cc0                _svfiprintf_r
                0x08003cc0                _svfprintf_r
 .text._printf_common
                0x08003eb0       0xec c:/ac6/systemworkbench/plugins/fr.ac6.mcu.externaltools.arm-none.win32_1.17.0.201812190825/tools/compiler/bin/../lib/gcc/arm-none-eabi/7.3.1/../../../../arm-none-eabi/lib/thumb/v7-m\libc_nano.a(lib_a-nano-vfprintf_i.o)
                0x08003eb0                _printf_common
 .text._printf_i
                0x08003f9c      0x224 c:/ac6/systemworkbench/plugins/fr.ac6.mcu.externaltools.arm-none.win32_1.17.0.201812190825/tools/compiler/bin/../lib/gcc/arm-none-eabi/7.3.1/../../../../arm-none-eabi/lib/thumb/v7-m\libc_nano.a(lib_a-nano-vfprintf_i.o)
                0x08003f9c                _printf_i
 .text.memchr   0x080041c0       0x1c c:/ac6/systemworkbench/plugins/fr.ac6.mcu.externaltools.arm-none.win32_1.17.0.201812190825/tools/compiler/bin/../lib/gcc/arm-none-eabi/7.3.1/../../../../arm-none-eabi/lib/thumb/v7-m\libc_nano.a(lib_a-memchr-stub.o)
                0x080041c0                memchr
 .text.memcpy   0x080041dc       0x16 c:/ac6/systemworkbench/plugins/fr.ac6.mcu.externaltools.arm-none.win32_1.17.0.201812190825/tools/compiler/bin/../lib/gcc/arm-none-eabi/7.3.1/../../../../arm-none-eabi/lib/thumb/v7-m\libc_nano.a(lib_a-memcpy-stub.o)
                0x080041dc                memcpy
 .text.memmove  0x080041f2       0x32 c:/ac6/systemworkbench/plugins/fr.ac6.mcu.externaltools.arm-none.win32_1.17.0.201812190825/tools/compiler/bin/../lib/gcc/arm-none-eabi/7.3.1/../../../../arm-none-eabi/lib/thumb/v7-m\libc_nano.a(lib_a-memmove.o)
                0x080041f2                memmove
 .text._free_r  0x08004224       0x98 c:/ac6/systemworkbench/plugins/fr.ac6.mcu.externaltools.arm-none.win32_1.17.0.201812190825/tools/compiler/bin/../lib/gcc/arm-none-eabi/7.3.1/../../../../arm-none-eabi/lib/thumb/v7-m\libc_nano.a(lib_a-nano-freer.o)
                0x08004224                _free_r
 .text._malloc_r
                0x080042bc       0xb4 c:/ac6/systemworkbench/plugins/fr.ac6.mcu.externaltools.arm-none.win32_1.17.0.201812190825/tools/compiler/bin/../lib/gcc/arm-none-eabi/7.3.1/../../../../arm-none-eabi/lib/thumb/v7-m\libc_nano.a(lib_a-nano-mallocr.o)
                0x080042bc                _malloc_r
 .text._realloc_r
                0x08004370       0x4c c:/ac6/systemworkbench/plugins/fr.ac6.mcu.externaltools.arm-none.win32_1.17.0.201812190825/tools/compiler/bin/../lib/gcc/arm-none-eabi/7.3.1/../../../../arm-none-eabi/lib/thumb/v7-m\libc_nano.a(lib_a-nano-reallocr.o)
                0x08004370                _realloc_r
 .text._sbrk_r  0x080043bc       0x20 c:/ac6/systemworkbench/plugins/fr.ac6.mcu.externaltools.arm-none.win32_1.17.0.201812190825/tools/compiler/bin/../lib/gcc/arm-none-eabi/7.3.1/../../../../arm-none-eabi/lib/thumb/v7-m\libc_nano.a(lib_a-sbrkr.o)
                0x080043bc                _sbrk_r
 .text.__malloc_lock
                0x080043dc        0x2 c:/ac6/systemworkbench/plugins/fr.ac6.mcu.externaltools.arm-none.win32_1.17.0.201812190825/tools/compiler/bin/../lib/gcc/arm-none-eabi/7.3.1/../../../../arm-none-eabi/lib/thumb/v7-m\libc_nano.a(lib_a-mlock.o)
                0x080043dc                __malloc_lock
 .text.__malloc_unlock
                0x080043de        0x2 c:/ac6/systemworkbench/plugins/fr.ac6.mcu.externaltools.arm-none.win32_1.17.0.201812190825/tools/compiler/bin/../lib/gcc/arm-none-eabi/7.3.1/../../../../arm-none-eabi/lib/thumb/v7-m\libc_nano.a(lib_a-mlock.o)
                0x080043de                __malloc_unlock
 .text._malloc_usable_size_r
                0x080043e0       0x10 c:/ac6/systemworkbench/plugins/fr.ac6.mcu.externaltools.arm-none.win32_1.17.0.201812190825/tools/compiler/bin/../lib/gcc/arm-none-eabi/7.3.1/../../../../arm-none-eabi/lib/thumb/v7-m\libc_nano.a(lib_a-nano-msizer.o)
                0x080043e0                _malloc_usable_size_r
 *(.glue_7)
 .glue_7        0x080043f0        0x0 linker stubs
 *(.glue_7t)
 .glue_7t       0x080043f0        0x0 linker stubs
 *(.eh_frame)
 .eh_frame      0x080043f0        0x0 c:/ac6/systemworkbench/plugins/fr.ac6.mcu.externaltools.arm-none.win32_1.17.0.201812190825/tools/compiler/bin/../lib/gcc/arm-none-eabi/7.3.1/thumb/v7-m/crtbegin.o
 *(.init)
 .init          0x080043f0        0x4 c:/ac6/systemworkbench/plugins/fr.ac6.mcu.externaltools.arm-none.win32_1.17.0.201812190825/tools/compiler/bin/../lib/gcc/arm-none-eabi/7.3.1/thumb/v7-m/crti.o
                0x080043f0                _init
 .init          0x080043f4        0x8 c:/ac6/systemworkbench/plugins/fr.ac6.mcu.externaltools.arm-none.win32_1.17.0.201812190825/tools/compiler/bin/../lib/gcc/arm-none-eabi/7.3.1/thumb/v7-m/crtn.o
 *(.fini)
 .fini          0x080043fc        0x4 c:/ac6/systemworkbench/plugins/fr.ac6.mcu.externaltools.arm-none.win32_1.17.0.201812190825/tools/compiler/bin/../lib/gcc/arm-none-eabi/7.3.1/thumb/v7-m/crti.o
                0x080043fc                _fini
 .fini          0x08004400        0x8 c:/ac6/systemworkbench/plugins/fr.ac6.mcu.externaltools.arm-none.win32_1.17.0.201812190825/tools/compiler/bin/../lib/gcc/arm-none-eabi/7.3.1/thumb/v7-m/crtn.o
                0x08004408                . = ALIGN (0x4)
                0x08004408                _etext = .

.vfp11_veneer   0x08004408        0x0
 .vfp11_veneer  0x08004408        0x0 linker stubs

.v4_bx          0x08004408        0x0
 .v4_bx         0x08004408        0x0 linker stubs

.iplt           0x08004408        0x0
 .iplt          0x08004408        0x0 c:/ac6/systemworkbench/plugins/fr.ac6.mcu.externaltools.arm-none.win32_1.17.0.201812190825/tools/compiler/bin/../lib/gcc/arm-none-eabi/7.3.1/thumb/v7-m/crtbegin.o

.rodata         0x08004408      0x208
                0x08004408                . = ALIGN (0x4)
 *(.rodata)
 .rodata        0x08004408        0x8 Core/Src/main.o
 .rodata        0x08004410       0x18 Core/Src/system_stm32f1xx.o
                0x08004410                AHBPrescTable
                0x08004420                APBPrescTable
 .rodata        0x08004428       0x12 Drivers/STM32F1xx_HAL_Driver/Src/stm32f1xx_hal_rcc.o
 *(.rodata*)
 *fill*         0x0800443a        0x2 
 .rodata.str1.4
                0x0800443c      0x1a0 Core/Src/main.o
                                0x19f (size before relaxing)
 .rodata._svfprintf_r.str1.1
                0x080045dc       0x11 c:/ac6/systemworkbench/plugins/fr.ac6.mcu.externaltools.arm-none.win32_1.17.0.201812190825/tools/compiler/bin/../lib/gcc/arm-none-eabi/7.3.1/../../../../arm-none-eabi/lib/thumb/v7-m\libc_nano.a(lib_a-nano-svfprintf.o)
 .rodata._printf_i.str1.1
                0x080045ed       0x22 c:/ac6/systemworkbench/plugins/fr.ac6.mcu.externaltools.arm-none.win32_1.17.0.201812190825/tools/compiler/bin/../lib/gcc/arm-none-eabi/7.3.1/../../../../arm-none-eabi/lib/thumb/v7-m\libc_nano.a(lib_a-nano-vfprintf_i.o)
                0x08004610                . = ALIGN (0x4)
 *fill*         0x0800460f        0x1 

.rel.dyn        0x08004610        0x0
 .rel.iplt      0x08004610        0x0 c:/ac6/systemworkbench/plugins/fr.ac6.mcu.externaltools.arm-none.win32_1.17.0.201812190825/tools/compiler/bin/../lib/gcc/arm-none-eabi/7.3.1/thumb/v7-m/crtbegin.o

.ARM.extab
 *(.ARM.extab* .gnu.linkonce.armextab.*)

.ARM            0x08004610        0x0
                0x08004610                __exidx_start = .
 *(.ARM.exidx*)
                0x08004610                __exidx_end = .

.preinit_array  0x08004610        0x0
                0x08004610                PROVIDE (__preinit_array_start = .)
 *(.preinit_array*)
                0x08004610                PROVIDE (__preinit_array_end = .)

.init_array     0x08004610        0x4
                0x08004610                PROVIDE (__init_array_start = .)
 *(SORT_BY_NAME(.init_array.*))
 *(.init_array*)
 .init_array    0x08004610        0x4 c:/ac6/systemworkbench/plugins/fr.ac6.mcu.externaltools.arm-none.win32_1.17.0.201812190825/tools/compiler/bin/../lib/gcc/arm-none-eabi/7.3.1/thumb/v7-m/crtbegin.o
                0x08004614                PROVIDE (__init_array_end = .)

.fini_array     0x08004614        0x4
                [!provide]                PROVIDE (__fini_array_start = .)
 *(SORT_BY_NAME(.fini_array.*))
 *(.fini_array*)
 .fini_array    0x08004614        0x4 c:/ac6/systemworkbench/plugins/fr.ac6.mcu.externaltools.arm-none.win32_1.17.0.201812190825/tools/compiler/bin/../lib/gcc/arm-none-eabi/7.3.1/thumb/v7-m/crtbegin.o
                [!provide]                PROVIDE (__fini_array_end = .)
                0x08004618                _sidata = LOADADDR (.data)

.data           0x20000000       0x70 load address 0x08004618
                0x20000000                . = ALIGN (0x4)
                0x20000000                _sdata = .
 *(.data)
 .data          0x20000000        0x4 Core/Src/system_stm32f1xx.o
                0x20000000                SystemCoreClock
 .data          0x20000004        0x8 Drivers/STM32F1xx_HAL_Driver/Src/stm32f1xx_hal.o
                0x20000004                uwTickFreq
                0x20000008                uwTickPrio
 *(.data*)
 .data._impure_ptr
                0x2000000c        0x4 c:/ac6/systemworkbench/plugins/fr.ac6.mcu.externaltools.arm-none.win32_1.17.0.201812190825/tools/compiler/bin/../lib/gcc/arm-none-eabi/7.3.1/../../../../arm-none-eabi/lib/thumb/v7-m\libc_nano.a(lib_a-impure.o)
                0x2000000c                _impure_ptr
 .data.impure_data
                0x20000010       0x60 c:/ac6/systemworkbench/plugins/fr.ac6.mcu.externaltools.arm-none.win32_1.17.0.201812190825/tools/compiler/bin/../lib/gcc/arm-none-eabi/7.3.1/../../../../arm-none-eabi/lib/thumb/v7-m\libc_nano.a(lib_a-impure.o)
                0x20000070                . = ALIGN (0x4)
                0x20000070                _edata = .

.igot.plt       0x20000070        0x0 load address 0x08004688
 .igot.plt      0x20000070        0x0 c:/ac6/systemworkbench/plugins/fr.ac6.mcu.externaltools.arm-none.win32_1.17.0.201812190825/tools/compiler/bin/../lib/gcc/arm-none-eabi/7.3.1/thumb/v7-m/crtbegin.o
                0x20000070                . = ALIGN (0x4)

.bss            0x20000070      0x19c load address 0x08004688
                0x20000070                _sbss = .
                0x20000070                __bss_start__ = _sbss
 *(.bss)
 .bss           0x20000070       0x1c c:/ac6/systemworkbench/plugins/fr.ac6.mcu.externaltools.arm-none.win32_1.17.0.201812190825/tools/compiler/bin/../lib/gcc/arm-none-eabi/7.3.1/thumb/v7-m/crtbegin.o
 .bss           0x2000008c       0x2e Core/Src/main.o
                0x2000008c                inputval
                0x20000090                temp
                0x20000094                lastval
                0x20000098                running
                0x2000009c                encfeedback
                0x200000a0                degree
                0x200000a4                encvalue
                0x200000a8                rightlastval
                0x200000ac                leftlastval
                0x200000b0                count
                0x200000b4                i
                0x200000b8                led_no
                0x200000b9                req_counter
 *fill*         0x200000ba        0x2 
 .bss           0x200000bc        0x8 Core/Src/syscalls.o
                0x200000c0                __env
 *(.bss*)
 .bss.__malloc_free_list
                0x200000c4        0x4 c:/ac6/systemworkbench/plugins/fr.ac6.mcu.externaltools.arm-none.win32_1.17.0.201812190825/tools/compiler/bin/../lib/gcc/arm-none-eabi/7.3.1/../../../../arm-none-eabi/lib/thumb/v7-m\libc_nano.a(lib_a-nano-mallocr.o)
                0x200000c4                __malloc_free_list
 .bss.__malloc_sbrk_start
                0x200000c8        0x4 c:/ac6/systemworkbench/plugins/fr.ac6.mcu.externaltools.arm-none.win32_1.17.0.201812190825/tools/compiler/bin/../lib/gcc/arm-none-eabi/7.3.1/../../../../arm-none-eabi/lib/thumb/v7-m\libc_nano.a(lib_a-nano-mallocr.o)
                0x200000c8                __malloc_sbrk_start
 *(COMMON)
 COMMON         0x200000cc      0x138 Core/Src/main.o
                0x200000cc                hiwdg
                0x200000d8                hcan
                0x20000100                htim3
                0x20000148                htim2
                0x20000190                huart2
                0x200001d0                TxHeader
                0x200001e8                RxHeader
 COMMON         0x20000204        0x4 Drivers/STM32F1xx_HAL_Driver/Src/stm32f1xx_hal.o
                0x20000204                uwTick
 COMMON         0x20000208        0x4 c:/ac6/systemworkbench/plugins/fr.ac6.mcu.externaltools.arm-none.win32_1.17.0.201812190825/tools/compiler/bin/../lib/gcc/arm-none-eabi/7.3.1/../../../../arm-none-eabi/lib/thumb/v7-m\libc_nano.a(lib_a-reent.o)
                0x20000208                errno
                0x2000020c                . = ALIGN (0x4)
                0x2000020c                _ebss = .
                0x2000020c                __bss_end__ = _ebss

._user_heap_stack
                0x2000020c      0x604 load address 0x08004688
                0x20000210                . = ALIGN (0x8)
 *fill*         0x2000020c        0x4 
                0x20000210                PROVIDE (end = .)
                [!provide]                PROVIDE (_end = .)
                0x20000410                . = (. + _Min_Heap_Size)
 *fill*         0x20000210      0x200 
                0x20000810                . = (. + _Min_Stack_Size)
 *fill*         0x20000410      0x400 
                0x20000810                . = ALIGN (0x8)

/DISCARD/
 libc.a(*)
 libm.a(*)
 libgcc.a(*)

.ARM.attributes
                0x00000000       0x29
 *(.ARM.attributes)
 .ARM.attributes
                0x00000000       0x1d c:/ac6/systemworkbench/plugins/fr.ac6.mcu.externaltools.arm-none.win32_1.17.0.201812190825/tools/compiler/bin/../lib/gcc/arm-none-eabi/7.3.1/thumb/v7-m/crti.o
 .ARM.attributes
                0x0000001d       0x2d c:/ac6/systemworkbench/plugins/fr.ac6.mcu.externaltools.arm-none.win32_1.17.0.201812190825/tools/compiler/bin/../lib/gcc/arm-none-eabi/7.3.1/thumb/v7-m/crtbegin.o
 .ARM.attributes
                0x0000004a       0x33 Core/Src/main.o
 .ARM.attributes
                0x0000007d       0x33 Core/Src/stm32f1xx_hal_msp.o
 .ARM.attributes
                0x000000b0       0x33 Core/Src/stm32f1xx_it.o
 .ARM.attributes
                0x000000e3       0x33 Core/Src/syscalls.o
 .ARM.attributes
                0x00000116       0x33 Core/Src/system_stm32f1xx.o
 .ARM.attributes
                0x00000149       0x33 Drivers/STM32F1xx_HAL_Driver/Src/stm32f1xx_hal.o
 .ARM.attributes
                0x0000017c       0x33 Drivers/STM32F1xx_HAL_Driver/Src/stm32f1xx_hal_can.o
 .ARM.attributes
                0x000001af       0x33 Drivers/STM32F1xx_HAL_Driver/Src/stm32f1xx_hal_cortex.o
 .ARM.attributes
                0x000001e2       0x33 Drivers/STM32F1xx_HAL_Driver/Src/stm32f1xx_hal_dma.o
 .ARM.attributes
                0x00000215       0x33 Drivers/STM32F1xx_HAL_Driver/Src/stm32f1xx_hal_gpio.o
 .ARM.attributes
                0x00000248       0x33 Drivers/STM32F1xx_HAL_Driver/Src/stm32f1xx_hal_rcc.o
 .ARM.attributes
                0x0000027b       0x33 Drivers/STM32F1xx_HAL_Driver/Src/stm32f1xx_hal_tim.o
 .ARM.attributes
                0x000002ae       0x33 Drivers/STM32F1xx_HAL_Driver/Src/stm32f1xx_hal_tim_ex.o
 .ARM.attributes
                0x000002e1       0x33 Drivers/STM32F1xx_HAL_Driver/Src/stm32f1xx_hal_uart.o
 .ARM.attributes
                0x00000314       0x21 startup/startup_stm32f103xb.o
 .ARM.attributes
                0x00000335       0x1d c:/ac6/systemworkbench/plugins/fr.ac6.mcu.externaltools.arm-none.win32_1.17.0.201812190825/tools/compiler/bin/../lib/gcc/arm-none-eabi/7.3.1/thumb/v7-m\libgcc.a(_arm_addsubdf3.o)
 .ARM.attributes
                0x00000352       0x1d c:/ac6/systemworkbench/plugins/fr.ac6.mcu.externaltools.arm-none.win32_1.17.0.201812190825/tools/compiler/bin/../lib/gcc/arm-none-eabi/7.3.1/thumb/v7-m\libgcc.a(_arm_muldivdf3.o)
 .ARM.attributes
                0x0000036f       0x1d c:/ac6/systemworkbench/plugins/fr.ac6.mcu.externaltools.arm-none.win32_1.17.0.201812190825/tools/compiler/bin/../lib/gcc/arm-none-eabi/7.3.1/thumb/v7-m\libgcc.a(_arm_fixdfsi.o)
 .ARM.attributes
                0x0000038c       0x1d c:/ac6/systemworkbench/plugins/fr.ac6.mcu.externaltools.arm-none.win32_1.17.0.201812190825/tools/compiler/bin/../lib/gcc/arm-none-eabi/7.3.1/thumb/v7-m\libgcc.a(_arm_addsubsf3.o)
 .ARM.attributes
                0x000003a9       0x1d c:/ac6/systemworkbench/plugins/fr.ac6.mcu.externaltools.arm-none.win32_1.17.0.201812190825/tools/compiler/bin/../lib/gcc/arm-none-eabi/7.3.1/thumb/v7-m\libgcc.a(_arm_cmpsf2.o)
 .ARM.attributes
                0x000003c6       0x1d c:/ac6/systemworkbench/plugins/fr.ac6.mcu.externaltools.arm-none.win32_1.17.0.201812190825/tools/compiler/bin/../lib/gcc/arm-none-eabi/7.3.1/thumb/v7-m\libgcc.a(_arm_fixsfsi.o)
 .ARM.attributes
                0x000003e3       0x2d c:/ac6/systemworkbench/plugins/fr.ac6.mcu.externaltools.arm-none.win32_1.17.0.201812190825/tools/compiler/bin/../lib/gcc/arm-none-eabi/7.3.1/../../../../arm-none-eabi/lib/thumb/v7-m\libc_nano.a(lib_a-errno.o)
 .ARM.attributes
                0x00000410       0x2d c:/ac6/systemworkbench/plugins/fr.ac6.mcu.externaltools.arm-none.win32_1.17.0.201812190825/tools/compiler/bin/../lib/gcc/arm-none-eabi/7.3.1/../../../../arm-none-eabi/lib/thumb/v7-m\libc_nano.a(lib_a-impure.o)
 .ARM.attributes
                0x0000043d       0x2d c:/ac6/systemworkbench/plugins/fr.ac6.mcu.externaltools.arm-none.win32_1.17.0.201812190825/tools/compiler/bin/../lib/gcc/arm-none-eabi/7.3.1/../../../../arm-none-eabi/lib/thumb/v7-m\libc_nano.a(lib_a-init.o)
 .ARM.attributes
                0x0000046a       0x2d c:/ac6/systemworkbench/plugins/fr.ac6.mcu.externaltools.arm-none.win32_1.17.0.201812190825/tools/compiler/bin/../lib/gcc/arm-none-eabi/7.3.1/../../../../arm-none-eabi/lib/thumb/v7-m\libc_nano.a(lib_a-memset.o)
 .ARM.attributes
                0x00000497       0x2d c:/ac6/systemworkbench/plugins/fr.ac6.mcu.externaltools.arm-none.win32_1.17.0.201812190825/tools/compiler/bin/../lib/gcc/arm-none-eabi/7.3.1/../../../../arm-none-eabi/lib/thumb/v7-m\libc_nano.a(lib_a-sprintf.o)
 .ARM.attributes
                0x000004c4       0x17 c:/ac6/systemworkbench/plugins/fr.ac6.mcu.externaltools.arm-none.win32_1.17.0.201812190825/tools/compiler/bin/../lib/gcc/arm-none-eabi/7.3.1/../../../../arm-none-eabi/lib/thumb/v7-m\libc_nano.a(lib_a-strlen.o)
 .ARM.attributes
                0x000004db       0x2d c:/ac6/systemworkbench/plugins/fr.ac6.mcu.externaltools.arm-none.win32_1.17.0.201812190825/tools/compiler/bin/../lib/gcc/arm-none-eabi/7.3.1/../../../../arm-none-eabi/lib/thumb/v7-m\libc_nano.a(lib_a-nano-svfprintf.o)
 .ARM.attributes
                0x00000508       0x2d c:/ac6/systemworkbench/plugins/fr.ac6.mcu.externaltools.arm-none.win32_1.17.0.201812190825/tools/compiler/bin/../lib/gcc/arm-none-eabi/7.3.1/../../../../arm-none-eabi/lib/thumb/v7-m\libc_nano.a(lib_a-nano-vfprintf_i.o)
 .ARM.attributes
                0x00000535       0x2d c:/ac6/systemworkbench/plugins/fr.ac6.mcu.externaltools.arm-none.win32_1.17.0.201812190825/tools/compiler/bin/../lib/gcc/arm-none-eabi/7.3.1/../../../../arm-none-eabi/lib/thumb/v7-m\libc_nano.a(lib_a-memchr-stub.o)
 .ARM.attributes
                0x00000562       0x2d c:/ac6/systemworkbench/plugins/fr.ac6.mcu.externaltools.arm-none.win32_1.17.0.201812190825/tools/compiler/bin/../lib/gcc/arm-none-eabi/7.3.1/../../../../arm-none-eabi/lib/thumb/v7-m\libc_nano.a(lib_a-memcpy-stub.o)
 .ARM.attributes
                0x0000058f       0x2d c:/ac6/systemworkbench/plugins/fr.ac6.mcu.externaltools.arm-none.win32_1.17.0.201812190825/tools/compiler/bin/../lib/gcc/arm-none-eabi/7.3.1/../../../../arm-none-eabi/lib/thumb/v7-m\libc_nano.a(lib_a-memmove.o)
 .ARM.attributes
                0x000005bc       0x2d c:/ac6/systemworkbench/plugins/fr.ac6.mcu.externaltools.arm-none.win32_1.17.0.201812190825/tools/compiler/bin/../lib/gcc/arm-none-eabi/7.3.1/../../../../arm-none-eabi/lib/thumb/v7-m\libc_nano.a(lib_a-nano-freer.o)
 .ARM.attributes
                0x000005e9       0x2d c:/ac6/systemworkbench/plugins/fr.ac6.mcu.externaltools.arm-none.win32_1.17.0.201812190825/tools/compiler/bin/../lib/gcc/arm-none-eabi/7.3.1/../../../../arm-none-eabi/lib/thumb/v7-m\libc_nano.a(lib_a-nano-mallocr.o)
 .ARM.attributes
                0x00000616       0x2d c:/ac6/systemworkbench/plugins/fr.ac6.mcu.externaltools.arm-none.win32_1.17.0.201812190825/tools/compiler/bin/../lib/gcc/arm-none-eabi/7.3.1/../../../../arm-none-eabi/lib/thumb/v7-m\libc_nano.a(lib_a-nano-reallocr.o)
 .ARM.attributes
                0x00000643       0x2d c:/ac6/systemworkbench/plugins/fr.ac6.mcu.externaltools.arm-none.win32_1.17.0.201812190825/tools/compiler/bin/../lib/gcc/arm-none-eabi/7.3.1/../../../../arm-none-eabi/lib/thumb/v7-m\libc_nano.a(lib_a-sbrkr.o)
 .ARM.attributes
                0x00000670       0x2d c:/ac6/systemworkbench/plugins/fr.ac6.mcu.externaltools.arm-none.win32_1.17.0.201812190825/tools/compiler/bin/../lib/gcc/arm-none-eabi/7.3.1/../../../../arm-none-eabi/lib/thumb/v7-m\libc_nano.a(lib_a-mlock.o)
 .ARM.attributes
                0x0000069d       0x2d c:/ac6/systemworkbench/plugins/fr.ac6.mcu.externaltools.arm-none.win32_1.17.0.201812190825/tools/compiler/bin/../lib/gcc/arm-none-eabi/7.3.1/../../../../arm-none-eabi/lib/thumb/v7-m\libc_nano.a(lib_a-nano-msizer.o)
 .ARM.attributes
                0x000006ca       0x2d c:/ac6/systemworkbench/plugins/fr.ac6.mcu.externaltools.arm-none.win32_1.17.0.201812190825/tools/compiler/bin/../lib/gcc/arm-none-eabi/7.3.1/../../../../arm-none-eabi/lib/thumb/v7-m\libc_nano.a(lib_a-reent.o)
 .ARM.attributes
                0x000006f7       0x1d c:/ac6/systemworkbench/plugins/fr.ac6.mcu.externaltools.arm-none.win32_1.17.0.201812190825/tools/compiler/bin/../lib/gcc/arm-none-eabi/7.3.1/thumb/v7-m/crtn.o
OUTPUT(steering_new.elf elf32-littlearm)

.debug_info     0x00000000    0x10745
 .debug_info    0x00000000     0x2f1f Core/Src/main.o
 .debug_info    0x00002f1f     0x15a3 Core/Src/stm32f1xx_hal_msp.o
 .debug_info    0x000044c2      0xe12 Core/Src/stm32f1xx_it.o
 .debug_info    0x000052d4      0xfd3 Core/Src/syscalls.o
 .debug_info    0x000062a7      0x29d Core/Src/system_stm32f1xx.o
 .debug_info    0x00006544      0x7c0 Drivers/STM32F1xx_HAL_Driver/Src/stm32f1xx_hal.o
 .debug_info    0x00006d04     0x112e Drivers/STM32F1xx_HAL_Driver/Src/stm32f1xx_hal_can.o
 .debug_info    0x00007e32      0xcb5 Drivers/STM32F1xx_HAL_Driver/Src/stm32f1xx_hal_cortex.o
 .debug_info    0x00008ae7      0x846 Drivers/STM32F1xx_HAL_Driver/Src/stm32f1xx_hal_dma.o
 .debug_info    0x0000932d      0x6ab Drivers/STM32F1xx_HAL_Driver/Src/stm32f1xx_hal_gpio.o
 .debug_info    0x000099d8      0x9ef Drivers/STM32F1xx_HAL_Driver/Src/stm32f1xx_hal_rcc.o
 .debug_info    0x0000a3c7     0x3554 Drivers/STM32F1xx_HAL_Driver/Src/stm32f1xx_hal_tim.o
 .debug_info    0x0000d91b     0x1787 Drivers/STM32F1xx_HAL_Driver/Src/stm32f1xx_hal_tim_ex.o
 .debug_info    0x0000f0a2     0x1681 Drivers/STM32F1xx_HAL_Driver/Src/stm32f1xx_hal_uart.o
 .debug_info    0x00010723       0x22 startup/startup_stm32f103xb.o

.debug_abbrev   0x00000000     0x206c
 .debug_abbrev  0x00000000      0x369 Core/Src/main.o
 .debug_abbrev  0x00000369      0x264 Core/Src/stm32f1xx_hal_msp.o
 .debug_abbrev  0x000005cd      0x203 Core/Src/stm32f1xx_it.o
 .debug_abbrev  0x000007d0      0x2d4 Core/Src/syscalls.o
 .debug_abbrev  0x00000aa4      0x134 Core/Src/system_stm32f1xx.o
 .debug_abbrev  0x00000bd8      0x1ed Drivers/STM32F1xx_HAL_Driver/Src/stm32f1xx_hal.o
 .debug_abbrev  0x00000dc5      0x245 Drivers/STM32F1xx_HAL_Driver/Src/stm32f1xx_hal_can.o
 .debug_abbrev  0x0000100a      0x303 Drivers/STM32F1xx_HAL_Driver/Src/stm32f1xx_hal_cortex.o
 .debug_abbrev  0x0000130d      0x23c Drivers/STM32F1xx_HAL_Driver/Src/stm32f1xx_hal_dma.o
 .debug_abbrev  0x00001549      0x1de Drivers/STM32F1xx_HAL_Driver/Src/stm32f1xx_hal_gpio.o
 .debug_abbrev  0x00001727      0x257 Drivers/STM32F1xx_HAL_Driver/Src/stm32f1xx_hal_rcc.o
 .debug_abbrev  0x0000197e      0x237 Drivers/STM32F1xx_HAL_Driver/Src/stm32f1xx_hal_tim.o
 .debug_abbrev  0x00001bb5      0x246 Drivers/STM32F1xx_HAL_Driver/Src/stm32f1xx_hal_tim_ex.o
 .debug_abbrev  0x00001dfb      0x25f Drivers/STM32F1xx_HAL_Driver/Src/stm32f1xx_hal_uart.o
 .debug_abbrev  0x0000205a       0x12 startup/startup_stm32f103xb.o

.debug_loc      0x00000000     0xa345
 .debug_loc     0x00000000      0x270 Core/Src/main.o
 .debug_loc     0x00000270      0x196 Core/Src/stm32f1xx_hal_msp.o
 .debug_loc     0x00000406      0x3af Core/Src/syscalls.o
 .debug_loc     0x000007b5       0xdf Core/Src/system_stm32f1xx.o
 .debug_loc     0x00000894      0x11b Drivers/STM32F1xx_HAL_Driver/Src/stm32f1xx_hal.o
 .debug_loc     0x000009af      0xc41 Drivers/STM32F1xx_HAL_Driver/Src/stm32f1xx_hal_can.o
 .debug_loc     0x000015f0      0x5ad Drivers/STM32F1xx_HAL_Driver/Src/stm32f1xx_hal_cortex.o
 .debug_loc     0x00001b9d      0x7c6 Drivers/STM32F1xx_HAL_Driver/Src/stm32f1xx_hal_dma.o
 .debug_loc     0x00002363      0x3d8 Drivers/STM32F1xx_HAL_Driver/Src/stm32f1xx_hal_gpio.o
 .debug_loc     0x0000273b      0x4bb Drivers/STM32F1xx_HAL_Driver/Src/stm32f1xx_hal_rcc.o
 .debug_loc     0x00002bf6     0x46c3 Drivers/STM32F1xx_HAL_Driver/Src/stm32f1xx_hal_tim.o
 .debug_loc     0x000072b9     0x1a68 Drivers/STM32F1xx_HAL_Driver/Src/stm32f1xx_hal_tim_ex.o
 .debug_loc     0x00008d21     0x1624 Drivers/STM32F1xx_HAL_Driver/Src/stm32f1xx_hal_uart.o

.debug_aranges  0x00000000      0xdb0
 .debug_aranges
                0x00000000       0x98 Core/Src/main.o
 .debug_aranges
                0x00000098       0x68 Core/Src/stm32f1xx_hal_msp.o
 .debug_aranges
                0x00000100       0x98 Core/Src/stm32f1xx_it.o
 .debug_aranges
                0x00000198       0xb0 Core/Src/syscalls.o
 .debug_aranges
                0x00000248       0x28 Core/Src/system_stm32f1xx.o
 .debug_aranges
                0x00000270       0xe0 Drivers/STM32F1xx_HAL_Driver/Src/stm32f1xx_hal.o
 .debug_aranges
                0x00000350      0x138 Drivers/STM32F1xx_HAL_Driver/Src/stm32f1xx_hal_can.o
 .debug_aranges
                0x00000488       0x90 Drivers/STM32F1xx_HAL_Driver/Src/stm32f1xx_hal_cortex.o
 .debug_aranges
                0x00000518       0x80 Drivers/STM32F1xx_HAL_Driver/Src/stm32f1xx_hal_dma.o
 .debug_aranges
                0x00000598       0x58 Drivers/STM32F1xx_HAL_Driver/Src/stm32f1xx_hal_gpio.o
 .debug_aranges
                0x000005f0       0x90 Drivers/STM32F1xx_HAL_Driver/Src/stm32f1xx_hal_rcc.o
 .debug_aranges
                0x00000680      0x3d0 Drivers/STM32F1xx_HAL_Driver/Src/stm32f1xx_hal_tim.o
 .debug_aranges
                0x00000a50      0x168 Drivers/STM32F1xx_HAL_Driver/Src/stm32f1xx_hal_tim_ex.o
 .debug_aranges
                0x00000bb8      0x1d0 Drivers/STM32F1xx_HAL_Driver/Src/stm32f1xx_hal_uart.o
 .debug_aranges
                0x00000d88       0x28 startup/startup_stm32f103xb.o

.debug_ranges   0x00000000      0xd48
 .debug_ranges  0x00000000       0x88 Core/Src/main.o
 .debug_ranges  0x00000088       0x58 Core/Src/stm32f1xx_hal_msp.o
 .debug_ranges  0x000000e0       0x88 Core/Src/stm32f1xx_it.o
 .debug_ranges  0x00000168       0xa0 Core/Src/syscalls.o
 .debug_ranges  0x00000208       0x18 Core/Src/system_stm32f1xx.o
 .debug_ranges  0x00000220       0xd0 Drivers/STM32F1xx_HAL_Driver/Src/stm32f1xx_hal.o
 .debug_ranges  0x000002f0      0x128 Drivers/STM32F1xx_HAL_Driver/Src/stm32f1xx_hal_can.o
 .debug_ranges  0x00000418       0xe0 Drivers/STM32F1xx_HAL_Driver/Src/stm32f1xx_hal_cortex.o
 .debug_ranges  0x000004f8       0x70 Drivers/STM32F1xx_HAL_Driver/Src/stm32f1xx_hal_dma.o
 .debug_ranges  0x00000568       0x48 Drivers/STM32F1xx_HAL_Driver/Src/stm32f1xx_hal_gpio.o
 .debug_ranges  0x000005b0       0xa0 Drivers/STM32F1xx_HAL_Driver/Src/stm32f1xx_hal_rcc.o
 .debug_ranges  0x00000650      0x3c0 Drivers/STM32F1xx_HAL_Driver/Src/stm32f1xx_hal_tim.o
 .debug_ranges  0x00000a10      0x158 Drivers/STM32F1xx_HAL_Driver/Src/stm32f1xx_hal_tim_ex.o
 .debug_ranges  0x00000b68      0x1c0 Drivers/STM32F1xx_HAL_Driver/Src/stm32f1xx_hal_uart.o
 .debug_ranges  0x00000d28       0x20 startup/startup_stm32f103xb.o

.debug_macro    0x00000000    0x18c06
 .debug_macro   0x00000000      0x347 Core/Src/main.o
 .debug_macro   0x00000347      0xa54 Core/Src/main.o
 .debug_macro   0x00000d9b      0x227 Core/Src/main.o
 .debug_macro   0x00000fc2       0x2e Core/Src/main.o
 .debug_macro   0x00000ff0       0x22 Core/Src/main.o
 .debug_macro   0x00001012       0x22 Core/Src/main.o
 .debug_macro   0x00001034       0x8e Core/Src/main.o
 .debug_macro   0x000010c2       0x51 Core/Src/main.o
 .debug_macro   0x00001113       0xef Core/Src/main.o
 .debug_macro   0x00001202       0x6a Core/Src/main.o
 .debug_macro   0x0000126c      0x1df Core/Src/main.o
 .debug_macro   0x0000144b       0x1c Core/Src/main.o
 .debug_macro   0x00001467       0x22 Core/Src/main.o
 .debug_macro   0x00001489       0xc3 Core/Src/main.o
 .debug_macro   0x0000154c      0xd23 Core/Src/main.o
 .debug_macro   0x0000226f     0xe097 Core/Src/main.o
 .debug_macro   0x00010306       0x43 Core/Src/main.o
 .debug_macro   0x00010349     0x3468 Core/Src/main.o
 .debug_macro   0x000137b1      0x174 Core/Src/main.o
 .debug_macro   0x00013925       0x5c Core/Src/main.o
 .debug_macro   0x00013981      0x5be Core/Src/main.o
 .debug_macro   0x00013f3f      0x289 Core/Src/main.o
 .debug_macro   0x000141c8      0x1cb Core/Src/main.o
 .debug_macro   0x00014393      0x114 Core/Src/main.o
 .debug_macro   0x000144a7      0x1b2 Core/Src/main.o
 .debug_macro   0x00014659       0x27 Core/Src/main.o
 .debug_macro   0x00014680      0x136 Core/Src/main.o
 .debug_macro   0x000147b6      0x1bc Core/Src/main.o
 .debug_macro   0x00014972       0x34 Core/Src/main.o
 .debug_macro   0x000149a6       0x3c Core/Src/main.o
 .debug_macro   0x000149e2      0x408 Core/Src/main.o
 .debug_macro   0x00014dea       0x57 Core/Src/main.o
 .debug_macro   0x00014e41       0x88 Core/Src/main.o
 .debug_macro   0x00014ec9      0x241 Core/Src/main.o
 .debug_macro   0x0001510a       0x78 Core/Src/main.o
 .debug_macro   0x00015182      0x141 Core/Src/main.o
 .debug_macro   0x000152c3      0x8d1 Core/Src/main.o
 .debug_macro   0x00015b94      0x26b Core/Src/main.o
 .debug_macro   0x00015dff       0x83 Core/Src/main.o
 .debug_macro   0x00015e82       0x5e Core/Src/main.o
 .debug_macro   0x00015ee0       0x5e Core/Src/main.o
 .debug_macro   0x00015f3e       0x18 Core/Src/main.o
 .debug_macro   0x00015f56       0x35 Core/Src/main.o
 .debug_macro   0x00015f8b       0x34 Core/Src/main.o
 .debug_macro   0x00015fbf       0x58 Core/Src/main.o
 .debug_macro   0x00016017       0x1f Core/Src/main.o
 .debug_macro   0x00016036       0x43 Core/Src/main.o
 .debug_macro   0x00016079       0x20 Core/Src/main.o
 .debug_macro   0x00016099      0x18e Core/Src/main.o
 .debug_macro   0x00016227      0x32a Core/Src/main.o
 .debug_macro   0x00016551       0x10 Core/Src/main.o
 .debug_macro   0x00016561       0x35 Core/Src/main.o
 .debug_macro   0x00016596       0x1c Core/Src/main.o
 .debug_macro   0x000165b2       0x10 Core/Src/main.o
 .debug_macro   0x000165c2       0x10 Core/Src/main.o
 .debug_macro   0x000165d2       0x1c Core/Src/main.o
 .debug_macro   0x000165ee       0x52 Core/Src/main.o
 .debug_macro   0x00016640       0x40 Core/Src/main.o
 .debug_macro   0x00016680       0x10 Core/Src/main.o
 .debug_macro   0x00016690       0x40 Core/Src/main.o
 .debug_macro   0x000166d0       0xd7 Core/Src/main.o
 .debug_macro   0x000167a7       0x1c Core/Src/main.o
 .debug_macro   0x000167c3       0x3d Core/Src/main.o
 .debug_macro   0x00016800       0x16 Core/Src/main.o
 .debug_macro   0x00016816      0x16f Core/Src/main.o
 .debug_macro   0x00016985      0x1c6 Core/Src/stm32f1xx_hal_msp.o
 .debug_macro   0x00016b4b      0x1d0 Core/Src/stm32f1xx_it.o
 .debug_macro   0x00016d1b      0x243 Core/Src/syscalls.o
 .debug_macro   0x00016f5e       0x58 Core/Src/syscalls.o
 .debug_macro   0x00016fb6       0x94 Core/Src/syscalls.o
 .debug_macro   0x0001704a       0x57 Core/Src/syscalls.o
 .debug_macro   0x000170a1      0x330 Core/Src/syscalls.o
 .debug_macro   0x000173d1       0x10 Core/Src/syscalls.o
 .debug_macro   0x000173e1       0x10 Core/Src/syscalls.o
 .debug_macro   0x000173f1       0x10 Core/Src/syscalls.o
 .debug_macro   0x00017401       0x35 Core/Src/syscalls.o
 .debug_macro   0x00017436      0x122 Core/Src/syscalls.o
 .debug_macro   0x00017558       0x16 Core/Src/syscalls.o
 .debug_macro   0x0001756e       0x16 Core/Src/syscalls.o
 .debug_macro   0x00017584       0x29 Core/Src/syscalls.o
 .debug_macro   0x000175ad       0x10 Core/Src/syscalls.o
 .debug_macro   0x000175bd      0x241 Core/Src/syscalls.o
 .debug_macro   0x000177fe       0x10 Core/Src/syscalls.o
 .debug_macro   0x0001780e      0x189 Core/Src/syscalls.o
 .debug_macro   0x00017997       0x16 Core/Src/syscalls.o
 .debug_macro   0x000179ad       0x88 Core/Src/syscalls.o
 .debug_macro   0x00017a35      0x1b7 Core/Src/system_stm32f1xx.o
 .debug_macro   0x00017bec      0x1db Drivers/STM32F1xx_HAL_Driver/Src/stm32f1xx_hal.o
 .debug_macro   0x00017dc7      0x1bf Drivers/STM32F1xx_HAL_Driver/Src/stm32f1xx_hal_can.o
 .debug_macro   0x00017f86      0x1b7 Drivers/STM32F1xx_HAL_Driver/Src/stm32f1xx_hal_cortex.o
 .debug_macro   0x0001813d      0x1b7 Drivers/STM32F1xx_HAL_Driver/Src/stm32f1xx_hal_dma.o
 .debug_macro   0x000182f4      0x222 Drivers/STM32F1xx_HAL_Driver/Src/stm32f1xx_hal_gpio.o
 .debug_macro   0x00018516      0x1c9 Drivers/STM32F1xx_HAL_Driver/Src/stm32f1xx_hal_rcc.o
 .debug_macro   0x000186df      0x1b8 Drivers/STM32F1xx_HAL_Driver/Src/stm32f1xx_hal_tim.o
 .debug_macro   0x00018897      0x1b7 Drivers/STM32F1xx_HAL_Driver/Src/stm32f1xx_hal_tim_ex.o
 .debug_macro   0x00018a4e      0x1b8 Drivers/STM32F1xx_HAL_Driver/Src/stm32f1xx_hal_uart.o

.debug_line     0x00000000     0xa61f
 .debug_line    0x00000000      0xb49 Core/Src/main.o
 .debug_line    0x00000b49      0x7c2 Core/Src/stm32f1xx_hal_msp.o
 .debug_line    0x0000130b      0x7ce Core/Src/stm32f1xx_it.o
 .debug_line    0x00001ad9      0x5d6 Core/Src/syscalls.o
 .debug_line    0x000020af      0x6eb Core/Src/system_stm32f1xx.o
 .debug_line    0x0000279a      0x895 Drivers/STM32F1xx_HAL_Driver/Src/stm32f1xx_hal.o
 .debug_line    0x0000302f      0xba8 Drivers/STM32F1xx_HAL_Driver/Src/stm32f1xx_hal_can.o
 .debug_line    0x00003bd7      0x8a4 Drivers/STM32F1xx_HAL_Driver/Src/stm32f1xx_hal_cortex.o
 .debug_line    0x0000447b      0xa40 Drivers/STM32F1xx_HAL_Driver/Src/stm32f1xx_hal_dma.o
 .debug_line    0x00004ebb      0x866 Drivers/STM32F1xx_HAL_Driver/Src/stm32f1xx_hal_gpio.o
 .debug_line    0x00005721      0x99f Drivers/STM32F1xx_HAL_Driver/Src/stm32f1xx_hal_rcc.o
 .debug_line    0x000060c0     0x2199 Drivers/STM32F1xx_HAL_Driver/Src/stm32f1xx_hal_tim.o
 .debug_line    0x00008259     0x1346 Drivers/STM32F1xx_HAL_Driver/Src/stm32f1xx_hal_tim_ex.o
 .debug_line    0x0000959f     0x1003 Drivers/STM32F1xx_HAL_Driver/Src/stm32f1xx_hal_uart.o
 .debug_line    0x0000a5a2       0x7d startup/startup_stm32f103xb.o

.debug_str      0x00000000    0x8de1c
 .debug_str     0x00000000    0x8a260 Core/Src/main.o
                              0x8a7a2 (size before relaxing)
 .debug_str     0x0008a260      0x17f Core/Src/stm32f1xx_hal_msp.o
                              0x863c8 (size before relaxing)
 .debug_str     0x0008a3df      0x17b Core/Src/stm32f1xx_it.o
                              0x86059 (size before relaxing)
 .debug_str     0x0008a55a     0x122f Core/Src/syscalls.o
                               0x8580 (size before relaxing)
 .debug_str     0x0008b789       0x52 Core/Src/system_stm32f1xx.o
                              0x854fd (size before relaxing)
 .debug_str     0x0008b7db      0x2fd Drivers/STM32F1xx_HAL_Driver/Src/stm32f1xx_hal.o
                              0x85bd3 (size before relaxing)
 .debug_str     0x0008bad8      0x34d Drivers/STM32F1xx_HAL_Driver/Src/stm32f1xx_hal_can.o
                              0x85d29 (size before relaxing)
 .debug_str     0x0008be25      0x218 Drivers/STM32F1xx_HAL_Driver/Src/stm32f1xx_hal_cortex.o
                              0x85b96 (size before relaxing)
 .debug_str     0x0008c03d      0x230 Drivers/STM32F1xx_HAL_Driver/Src/stm32f1xx_hal_dma.o
                              0x858e4 (size before relaxing)
 .debug_str     0x0008c26d      0x2fa Drivers/STM32F1xx_HAL_Driver/Src/stm32f1xx_hal_gpio.o
                              0x858c1 (size before relaxing)
 .debug_str     0x0008c567      0x229 Drivers/STM32F1xx_HAL_Driver/Src/stm32f1xx_hal_rcc.o
                              0x85921 (size before relaxing)
 .debug_str     0x0008c790      0xc8b Drivers/STM32F1xx_HAL_Driver/Src/stm32f1xx_hal_tim.o
                              0x8691f (size before relaxing)
 .debug_str     0x0008d41b      0x4d9 Drivers/STM32F1xx_HAL_Driver/Src/stm32f1xx_hal_tim_ex.o
                              0x86149 (size before relaxing)
 .debug_str     0x0008d8f4      0x4f9 Drivers/STM32F1xx_HAL_Driver/Src/stm32f1xx_hal_uart.o
                              0x85e77 (size before relaxing)
 .debug_str     0x0008dded       0x2f startup/startup_stm32f103xb.o
                                 0x63 (size before relaxing)

.comment        0x00000000       0x7f
 .comment       0x00000000       0x7f Core/Src/main.o
                                 0x80 (size before relaxing)
 .comment       0x0000007f       0x80 Core/Src/stm32f1xx_hal_msp.o
 .comment       0x0000007f       0x80 Core/Src/stm32f1xx_it.o
 .comment       0x0000007f       0x80 Core/Src/syscalls.o
 .comment       0x0000007f       0x80 Core/Src/system_stm32f1xx.o
 .comment       0x0000007f       0x80 Drivers/STM32F1xx_HAL_Driver/Src/stm32f1xx_hal.o
 .comment       0x0000007f       0x80 Drivers/STM32F1xx_HAL_Driver/Src/stm32f1xx_hal_can.o
 .comment       0x0000007f       0x80 Drivers/STM32F1xx_HAL_Driver/Src/stm32f1xx_hal_cortex.o
 .comment       0x0000007f       0x80 Drivers/STM32F1xx_HAL_Driver/Src/stm32f1xx_hal_dma.o
 .comment       0x0000007f       0x80 Drivers/STM32F1xx_HAL_Driver/Src/stm32f1xx_hal_gpio.o
 .comment       0x0000007f       0x80 Drivers/STM32F1xx_HAL_Driver/Src/stm32f1xx_hal_rcc.o
 .comment       0x0000007f       0x80 Drivers/STM32F1xx_HAL_Driver/Src/stm32f1xx_hal_tim.o
 .comment       0x0000007f       0x80 Drivers/STM32F1xx_HAL_Driver/Src/stm32f1xx_hal_tim_ex.o
 .comment       0x0000007f       0x80 Drivers/STM32F1xx_HAL_Driver/Src/stm32f1xx_hal_uart.o

.debug_frame    0x00000000     0x2ae0
 .debug_frame   0x00000000      0x200 Core/Src/main.o
 .debug_frame   0x00000200      0x11c Core/Src/stm32f1xx_hal_msp.o
 .debug_frame   0x0000031c      0x150 Core/Src/stm32f1xx_it.o
 .debug_frame   0x0000046c      0x1a8 Core/Src/syscalls.o
 .debug_frame   0x00000614       0x30 Core/Src/system_stm32f1xx.o
 .debug_frame   0x00000644      0x1cc Drivers/STM32F1xx_HAL_Driver/Src/stm32f1xx_hal.o
 .debug_frame   0x00000810      0x2e4 Drivers/STM32F1xx_HAL_Driver/Src/stm32f1xx_hal_can.o
 .debug_frame   0x00000af4      0x12c Drivers/STM32F1xx_HAL_Driver/Src/stm32f1xx_hal_cortex.o
 .debug_frame   0x00000c20      0x148 Drivers/STM32F1xx_HAL_Driver/Src/stm32f1xx_hal_dma.o
 .debug_frame   0x00000d68       0xe8 Drivers/STM32F1xx_HAL_Driver/Src/stm32f1xx_hal_gpio.o
 .debug_frame   0x00000e50      0x198 Drivers/STM32F1xx_HAL_Driver/Src/stm32f1xx_hal_rcc.o
 .debug_frame   0x00000fe8      0xb8c Drivers/STM32F1xx_HAL_Driver/Src/stm32f1xx_hal_tim.o
 .debug_frame   0x00001b74      0x474 Drivers/STM32F1xx_HAL_Driver/Src/stm32f1xx_hal_tim_ex.o
 .debug_frame   0x00001fe8      0x4e8 Drivers/STM32F1xx_HAL_Driver/Src/stm32f1xx_hal_uart.o
 .debug_frame   0x000024d0       0xac c:/ac6/systemworkbench/plugins/fr.ac6.mcu.externaltools.arm-none.win32_1.17.0.201812190825/tools/compiler/bin/../lib/gcc/arm-none-eabi/7.3.1/thumb/v7-m\libgcc.a(_arm_addsubdf3.o)
 .debug_frame   0x0000257c       0x50 c:/ac6/systemworkbench/plugins/fr.ac6.mcu.externaltools.arm-none.win32_1.17.0.201812190825/tools/compiler/bin/../lib/gcc/arm-none-eabi/7.3.1/thumb/v7-m\libgcc.a(_arm_muldivdf3.o)
 .debug_frame   0x000025cc       0x24 c:/ac6/systemworkbench/plugins/fr.ac6.mcu.externaltools.arm-none.win32_1.17.0.201812190825/tools/compiler/bin/../lib/gcc/arm-none-eabi/7.3.1/thumb/v7-m\libgcc.a(_arm_fixdfsi.o)
 .debug_frame   0x000025f0       0x4c c:/ac6/systemworkbench/plugins/fr.ac6.mcu.externaltools.arm-none.win32_1.17.0.201812190825/tools/compiler/bin/../lib/gcc/arm-none-eabi/7.3.1/thumb/v7-m\libgcc.a(_arm_addsubsf3.o)
 .debug_frame   0x0000263c       0xc8 c:/ac6/systemworkbench/plugins/fr.ac6.mcu.externaltools.arm-none.win32_1.17.0.201812190825/tools/compiler/bin/../lib/gcc/arm-none-eabi/7.3.1/thumb/v7-m\libgcc.a(_arm_cmpsf2.o)
 .debug_frame   0x00002704       0x24 c:/ac6/systemworkbench/plugins/fr.ac6.mcu.externaltools.arm-none.win32_1.17.0.201812190825/tools/compiler/bin/../lib/gcc/arm-none-eabi/7.3.1/thumb/v7-m\libgcc.a(_arm_fixsfsi.o)
 .debug_frame   0x00002728       0x20 c:/ac6/systemworkbench/plugins/fr.ac6.mcu.externaltools.arm-none.win32_1.17.0.201812190825/tools/compiler/bin/../lib/gcc/arm-none-eabi/7.3.1/../../../../arm-none-eabi/lib/thumb/v7-m\libc_nano.a(lib_a-errno.o)
 .debug_frame   0x00002748       0x2c c:/ac6/systemworkbench/plugins/fr.ac6.mcu.externaltools.arm-none.win32_1.17.0.201812190825/tools/compiler/bin/../lib/gcc/arm-none-eabi/7.3.1/../../../../arm-none-eabi/lib/thumb/v7-m\libc_nano.a(lib_a-init.o)
 .debug_frame   0x00002774       0x20 c:/ac6/systemworkbench/plugins/fr.ac6.mcu.externaltools.arm-none.win32_1.17.0.201812190825/tools/compiler/bin/../lib/gcc/arm-none-eabi/7.3.1/../../../../arm-none-eabi/lib/thumb/v7-m\libc_nano.a(lib_a-memset.o)
 .debug_frame   0x00002794       0x6c c:/ac6/systemworkbench/plugins/fr.ac6.mcu.externaltools.arm-none.win32_1.17.0.201812190825/tools/compiler/bin/../lib/gcc/arm-none-eabi/7.3.1/../../../../arm-none-eabi/lib/thumb/v7-m\libc_nano.a(lib_a-sprintf.o)
 .debug_frame   0x00002800       0x90 c:/ac6/systemworkbench/plugins/fr.ac6.mcu.externaltools.arm-none.win32_1.17.0.201812190825/tools/compiler/bin/../lib/gcc/arm-none-eabi/7.3.1/../../../../arm-none-eabi/lib/thumb/v7-m\libc_nano.a(lib_a-nano-svfprintf.o)
 .debug_frame   0x00002890       0x60 c:/ac6/systemworkbench/plugins/fr.ac6.mcu.externaltools.arm-none.win32_1.17.0.201812190825/tools/compiler/bin/../lib/gcc/arm-none-eabi/7.3.1/../../../../arm-none-eabi/lib/thumb/v7-m\libc_nano.a(lib_a-nano-vfprintf_i.o)
 .debug_frame   0x000028f0       0x28 c:/ac6/systemworkbench/plugins/fr.ac6.mcu.externaltools.arm-none.win32_1.17.0.201812190825/tools/compiler/bin/../lib/gcc/arm-none-eabi/7.3.1/../../../../arm-none-eabi/lib/thumb/v7-m\libc_nano.a(lib_a-memchr-stub.o)
 .debug_frame   0x00002918       0x28 c:/ac6/systemworkbench/plugins/fr.ac6.mcu.externaltools.arm-none.win32_1.17.0.201812190825/tools/compiler/bin/../lib/gcc/arm-none-eabi/7.3.1/../../../../arm-none-eabi/lib/thumb/v7-m\libc_nano.a(lib_a-memcpy-stub.o)
 .debug_frame   0x00002940       0x28 c:/ac6/systemworkbench/plugins/fr.ac6.mcu.externaltools.arm-none.win32_1.17.0.201812190825/tools/compiler/bin/../lib/gcc/arm-none-eabi/7.3.1/../../../../arm-none-eabi/lib/thumb/v7-m\libc_nano.a(lib_a-memmove.o)
 .debug_frame   0x00002968       0x38 c:/ac6/systemworkbench/plugins/fr.ac6.mcu.externaltools.arm-none.win32_1.17.0.201812190825/tools/compiler/bin/../lib/gcc/arm-none-eabi/7.3.1/../../../../arm-none-eabi/lib/thumb/v7-m\libc_nano.a(lib_a-nano-freer.o)
 .debug_frame   0x000029a0       0x2c c:/ac6/systemworkbench/plugins/fr.ac6.mcu.externaltools.arm-none.win32_1.17.0.201812190825/tools/compiler/bin/../lib/gcc/arm-none-eabi/7.3.1/../../../../arm-none-eabi/lib/thumb/v7-m\libc_nano.a(lib_a-nano-mallocr.o)
 .debug_frame   0x000029cc       0x3c c:/ac6/systemworkbench/plugins/fr.ac6.mcu.externaltools.arm-none.win32_1.17.0.201812190825/tools/compiler/bin/../lib/gcc/arm-none-eabi/7.3.1/../../../../arm-none-eabi/lib/thumb/v7-m\libc_nano.a(lib_a-nano-reallocr.o)
 .debug_frame   0x00002a08       0x2c c:/ac6/systemworkbench/plugins/fr.ac6.mcu.externaltools.arm-none.win32_1.17.0.201812190825/tools/compiler/bin/../lib/gcc/arm-none-eabi/7.3.1/../../../../arm-none-eabi/lib/thumb/v7-m\libc_nano.a(lib_a-sbrkr.o)
 .debug_frame   0x00002a34       0x30 c:/ac6/systemworkbench/plugins/fr.ac6.mcu.externaltools.arm-none.win32_1.17.0.201812190825/tools/compiler/bin/../lib/gcc/arm-none-eabi/7.3.1/../../../../arm-none-eabi/lib/thumb/v7-m\libc_nano.a(lib_a-mlock.o)
 .debug_frame   0x00002a64       0x20 c:/ac6/systemworkbench/plugins/fr.ac6.mcu.externaltools.arm-none.win32_1.17.0.201812190825/tools/compiler/bin/../lib/gcc/arm-none-eabi/7.3.1/../../../../arm-none-eabi/lib/thumb/v7-m\libc_nano.a(lib_a-nano-msizer.o)
 .debug_frame   0x00002a84       0x5c c:/ac6/systemworkbench/plugins/fr.ac6.mcu.externaltools.arm-none.win32_1.17.0.201812190825/tools/compiler/bin/../lib/gcc/arm-none-eabi/7.3.1/../../../../arm-none-eabi/lib/thumb/v7-m\libc_nano.a(lib_a-reent.o)
